#-----------------------------------------------------------
# updatemem v2016.2 (64-bit)
# SW Build 1577090 on Thu Jun  2 16:32:40 MDT 2016
# 
# Start of session at: Fri Mar 24 17:35:45 2017
# Process ID: 1468
# Current directory: c:/Users/chenya26/fix_cam/filter_vga_rc
# Command line: updatemem.exe -mode batch -source C:/Xilinx/SDK/2016.2/scripts/updatemem/main.tcl -notrace -tclargs -meminfo C:/Users/chenya26/fix_cam/filter_vga_rc/image_filter_test_bench.sdk/design_1_wrapper_hw_platform_0/design_1_wrapper.mmi -data C:/Xilinx/SDK/2016.2/data/embeddedsw/lib/microblaze/mb_bootloop_le.elf -proc design_1_i/microblaze_0 -bit C:/Users/chenya26/fix_cam/filter_vga_rc/image_filter_test_bench.sdk/design_1_wrapper_hw_platform_0/design_1_wrapper.bit -out C:/Users/chenya26/fix_cam/filter_vga_rc/image_filter_test_bench.sdk/design_1_wrapper_hw_platform_0/download.bit -force
# Log file: c:/Users/chenya26/fix_cam/filter_vga_rc/updatemem.log
# Journal file: c:/Users/chenya26/fix_cam/filter_vga_rc\updatemem.jou
#-----------------------------------------------------------
source C:/Xilinx/SDK/2016.2/scripts/updatemem/main.tcl -notrace
