17:11:00 **** Build of project image_filter_bsp ****
make -k all 
"Running Make include in microblaze_0/libsrc/axivdma_v6_1/src"
make -C microblaze_0/libsrc/axivdma_v6_1/src -s include  "SHELL=CMD" "COMPILER=mb-gcc" "ARCHIVER=mb-ar" "COMPILER_FLAGS= -O2 -c -mcpu=v9.6 -mlittle-endian -mxl-soft-mul" "EXTRA_COMPILER_FLAGS=-g"
"Running Make include in microblaze_0/libsrc/bram_v4_1/src"
make -C microblaze_0/libsrc/bram_v4_1/src -s include  "SHELL=CMD" "COMPILER=mb-gcc" "ARCHIVER=mb-ar" "COMPILER_FLAGS= -O2 -c -mcpu=v9.6 -mlittle-endian -mxl-soft-mul" "EXTRA_COMPILER_FLAGS=-g"
"Running Make include in microblaze_0/libsrc/cpu_v2_5/src"
make -C microblaze_0/libsrc/cpu_v2_5/src -s include  "SHELL=CMD" "COMPILER=mb-gcc" "ARCHIVER=mb-ar" "COMPILER_FLAGS= -O2 -c -mcpu=v9.6 -mlittle-endian -mxl-soft-mul" "EXTRA_COMPILER_FLAGS=-g"
"Running Make include in microblaze_0/libsrc/standalone_v5_5/src"
make -C microblaze_0/libsrc/standalone_v5_5/src -s include  "SHELL=CMD" "COMPILER=mb-gcc" "ARCHIVER=mb-ar" "COMPILER_FLAGS= -O2 -c -mcpu=v9.6 -mlittle-endian -mxl-soft-mul" "EXTRA_COMPILER_FLAGS=-g"
"Running Make libs in microblaze_0/libsrc/axivdma_v6_1/src"
make -C microblaze_0/libsrc/axivdma_v6_1/src -s libs  "SHELL=CMD" "COMPILER=mb-gcc" "ARCHIVER=mb-ar" "COMPILER_FLAGS= -O2 -c -mcpu=v9.6 -mlittle-endian -mxl-soft-mul" "EXTRA_COMPILER_FLAGS=-g"
"Compiling axivdma"
mb-ar: creating ../../../lib/libxil.a
"Running Make libs in microblaze_0/libsrc/bram_v4_1/src"
make -C microblaze_0/libsrc/bram_v4_1/src -s libs  "SHELL=CMD" "COMPILER=mb-gcc" "ARCHIVER=mb-ar" "COMPILER_FLAGS= -O2 -c -mcpu=v9.6 -mlittle-endian -mxl-soft-mul" "EXTRA_COMPILER_FLAGS=-g"
"Compiling bram"
"Running Make libs in microblaze_0/libsrc/cpu_v2_5/src"
make -C microblaze_0/libsrc/cpu_v2_5/src -s libs  "SHELL=CMD" "COMPILER=mb-gcc" "ARCHIVER=mb-ar" "COMPILER_FLAGS= -O2 -c -mcpu=v9.6 -mlittle-endian -mxl-soft-mul" "EXTRA_COMPILER_FLAGS=-g"
"Compiling cpu"
"Running Make libs in microblaze_0/libsrc/standalone_v5_5/src"
make -C microblaze_0/libsrc/standalone_v5_5/src -s libs  "SHELL=CMD" "COMPILER=mb-gcc" "ARCHIVER=mb-ar" "COMPILER_FLAGS= -O2 -c -mcpu=v9.6 -mlittle-endian -mxl-soft-mul" "EXTRA_COMPILER_FLAGS=-g"
"Compiling standalone";
'Finished building libraries'

**** Build of configuration Debug for project image_filter ****

Nothing to build for project image_filter

****  of configuration Debug for project image_filter ****

Nothing to build for project image_filter
17:12:39 **** Auto Build of configuration Debug for project image_filter ****
make all 
'Building file: ../src/main.c'
'Invoking: MicroBlaze gcc compiler'
mb-gcc -Wall -O0 -g3 -c -fmessage-length=0 -MT"src/main.o" -I../../image_filter_bsp/microblaze_0/include -mlittle-endian -mcpu=v9.6 -mxl-soft-mul -Wl,--no-relax -MMD -MP -MF"src/main.d" -MT"src/main.o" -o "src/main.o" "../src/main.c"
'Finished building: ../src/main.c'
' '
'Building target: image_filter.elf'
'Invoking: MicroBlaze gcc linker'
mb-gcc -Wl,-T -Wl,../src/lscript.ld -L../../image_filter_bsp/microblaze_0/lib -mlittle-endian -mcpu=v9.6 -mxl-soft-mul -Wl,--no-relax -o "image_filter.elf"  ./src/main.o   -Wl,--start-group,-lxil,-lgcc,-lc,--end-group
f:/ece532/sdk/2016.2/gnu/microblaze/nt/bin/../lib/gcc/microblaze-xilinx-elf/5.2.0/../../../../microblaze-xilinx-elf/lib/le/crtinit.o: In function `_crtinit':
(.text+0x78): undefined reference to `main'
collect2.exe: error: ld returned 1 exit status
make: *** [image_filter.elf] ´íÎó 1
17:14:42 **** Auto Build of configuration Debug for project image_filter ****
make all 
'Building file: ../src/main.c'
'Invoking: MicroBlaze gcc compiler'
mb-gcc -Wall -O0 -g3 -c -fmessage-length=0 -MT"src/main.o" -I../../image_filter_bsp/microblaze_0/include -mlittle-endian -mcpu=v9.6 -mxl-soft-mul -Wl,--no-relax -MMD -MP -MF"src/main.d" -MT"src/main.o" -o "src/main.o" "../src/main.c"
../src/main.c:10:22: fatal error: platform.h: No such file or directory
compilation terminated.
make: *** [src/main.o] ´íÎó 1
17:14:54 **** Auto Build of configuration Debug for project image_filter ****
make all 
'Building file: ../src/main.c'
'Invoking: MicroBlaze gcc compiler'
mb-gcc -Wall -O0 -g3 -c -fmessage-length=0 -MT"src/main.o" -I../../image_filter_bsp/microblaze_0/include -mlittle-endian -mcpu=v9.6 -mxl-soft-mul -Wl,--no-relax -MMD -MP -MF"src/main.d" -MT"src/main.o" -o "src/main.o" "../src/main.c"
../src/main.c:9:22: fatal error: platform.h: No such file or directory
compilation terminated.
make: *** [src/main.o] ´íÎó 1
17:15:04 **** Auto Build of configuration Debug for project image_filter ****
make all 
'Building file: ../src/main.c'
'Invoking: MicroBlaze gcc compiler'
mb-gcc -Wall -O0 -g3 -c -fmessage-length=0 -MT"src/main.o" -I../../image_filter_bsp/microblaze_0/include -mlittle-endian -mcpu=v9.6 -mxl-soft-mul -Wl,--no-relax -MMD -MP -MF"src/main.d" -MT"src/main.o" -o "src/main.o" "../src/main.c"
../src/main.c: In function 'main':
../src/main.c:34:31: warning: initialization from incompatible pointer type [-Wincompatible-pointer-types]
  unsigned int (*fb_in)[640] = memptr;
                               ^
../src/main.c:35:32: warning: initialization makes pointer from integer without a cast [-Wint-conversion]
  unsigned int (*fb_out)[640] = 0x8012C000;
                                ^
'Finished building: ../src/main.c'
' '
'Building target: image_filter.elf'
'Invoking: MicroBlaze gcc linker'
mb-gcc -Wl,-T -Wl,../src/lscript.ld -L../../image_filter_bsp/microblaze_0/lib -mlittle-endian -mcpu=v9.6 -mxl-soft-mul -Wl,--no-relax -o "image_filter.elf"  ./src/main.o   -Wl,--start-group,-lxil,-lgcc,-lc,--end-group
'Finished building target: image_filter.elf'
' '
'Invoking: MicroBlaze Print Size'
mb-size image_filter.elf  |tee "image_filter.elf.size"
   text	   data	    bss	    dec	    hex	filename
   3772	    320	   3124	   7216	   1c30	image_filter.elf
'Finished building: image_filter.elf.size'
' '
17:15:21 **** Auto Build of configuration Debug for project image_filter ****
make all 
'Building file: ../src/main.c'
'Invoking: MicroBlaze gcc compiler'
mb-gcc -Wall -O0 -g3 -c -fmessage-length=0 -MT"src/main.o" -I../../image_filter_bsp/microblaze_0/include -mlittle-endian -mcpu=v9.6 -mxl-soft-mul -Wl,--no-relax -MMD -MP -MF"src/main.d" -MT"src/main.o" -o "src/main.o" "../src/main.c"
../src/main.c: In function 'main':
../src/main.c:34:31: warning: initialization from incompatible pointer type [-Wincompatible-pointer-types]
  unsigned int (*fb_in)[640] = memptr;
                               ^
../src/main.c:35:32: warning: initialization makes pointer from integer without a cast [-Wint-conversion]
  unsigned int (*fb_out)[640] = 0x8012C000;
                                ^
'Finished building: ../src/main.c'
' '
'Building target: image_filter.elf'
'Invoking: MicroBlaze gcc linker'
mb-gcc -Wl,-T -Wl,../src/lscript.ld -L../../image_filter_bsp/microblaze_0/lib -mlittle-endian -mcpu=v9.6 -mxl-soft-mul -Wl,--no-relax -o "image_filter.elf"  ./src/main.o   -Wl,--start-group,-lxil,-lgcc,-lc,--end-group
'Finished building target: image_filter.elf'
' '
'Invoking: MicroBlaze Print Size'
mb-size image_filter.elf  |tee "image_filter.elf.size"
   text	   data	    bss	    dec	    hex	filename
   3772	    320	   3124	   7216	   1c30	image_filter.elf
'Finished building: image_filter.elf.size'
' '
17:20:31 **** Incremental Build of configuration Debug for project image_filter ****
make all 
make: Nothing to be done for `all'.
19:23:45 **** Auto Build of configuration Debug for project image_filter ****
make all 
'Building file: ../src/main.c'
'Invoking: MicroBlaze gcc compiler'
mb-gcc -Wall -O0 -g3 -c -fmessage-length=0 -MT"src/main.o" -I../../image_filter_bsp/microblaze_0/include -mlittle-endian -mcpu=v9.6 -mxl-soft-mul -Wl,--no-relax -MMD -MP -MF"src/main.d" -MT"src/main.o" -o "src/main.o" "../src/main.c"
../src/main.c: In function 'main':
../src/main.c:35:31: warning: initialization from incompatible pointer type [-Wincompatible-pointer-types]
  unsigned int (*fb_in)[640] = memptr;
                               ^
../src/main.c:36:32: warning: initialization makes pointer from integer without a cast [-Wint-conversion]
  unsigned int (*fb_out)[640] = 0x8012C000;
                                ^
'Finished building: ../src/main.c'
' '
'Building target: image_filter.elf'
'Invoking: MicroBlaze gcc linker'
mb-gcc -Wl,-T -Wl,../src/lscript.ld -L../../image_filter_bsp/microblaze_0/lib -mlittle-endian -mcpu=v9.6 -mxl-soft-mul -Wl,--no-relax -o "image_filter.elf"  ./src/main.o   -Wl,--start-group,-lxil,-lgcc,-lc,--end-group
'Finished building target: image_filter.elf'
' '
'Invoking: MicroBlaze Print Size'
mb-size image_filter.elf  |tee "image_filter.elf.size"
   text	   data	    bss	    dec	    hex	filename
   3772	    320	   3124	   7216	   1c30	image_filter.elf
'Finished building: image_filter.elf.size'
' '
19:29:08 **** Build of project image_filter_bsp ****
make -k all 
"Running Make include in microblaze_0/libsrc/axivdma_v6_1/src"
make -C microblaze_0/libsrc/axivdma_v6_1/src -s include  "SHELL=CMD" "COMPILER=mb-gcc" "ARCHIVER=mb-ar" "COMPILER_FLAGS= -O2 -c -mcpu=v9.6 -mlittle-endian -mxl-soft-mul" "EXTRA_COMPILER_FLAGS=-g"
"Running Make include in microblaze_0/libsrc/bram_v4_1/src"
make -C microblaze_0/libsrc/bram_v4_1/src -s include  "SHELL=CMD" "COMPILER=mb-gcc" "ARCHIVER=mb-ar" "COMPILER_FLAGS= -O2 -c -mcpu=v9.6 -mlittle-endian -mxl-soft-mul" "EXTRA_COMPILER_FLAGS=-g"
"Running Make include in microblaze_0/libsrc/cpu_v2_5/src"
make -C microblaze_0/libsrc/cpu_v2_5/src -s include  "SHELL=CMD" "COMPILER=mb-gcc" "ARCHIVER=mb-ar" "COMPILER_FLAGS= -O2 -c -mcpu=v9.6 -mlittle-endian -mxl-soft-mul" "EXTRA_COMPILER_FLAGS=-g"
"Running Make include in microblaze_0/libsrc/gpio_v4_1/src"
make -C microblaze_0/libsrc/gpio_v4_1/src -s include  "SHELL=CMD" "COMPILER=mb-gcc" "ARCHIVER=mb-ar" "COMPILER_FLAGS= -O2 -c -mcpu=v9.6 -mlittle-endian -mxl-soft-mul" "EXTRA_COMPILER_FLAGS=-g"
"Running Make include in microblaze_0/libsrc/standalone_v5_5/src"
make -C microblaze_0/libsrc/standalone_v5_5/src -s include  "SHELL=CMD" "COMPILER=mb-gcc" "ARCHIVER=mb-ar" "COMPILER_FLAGS= -O2 -c -mcpu=v9.6 -mlittle-endian -mxl-soft-mul" "EXTRA_COMPILER_FLAGS=-g"
"Running Make libs in microblaze_0/libsrc/axivdma_v6_1/src"
make -C microblaze_0/libsrc/axivdma_v6_1/src -s libs  "SHELL=CMD" "COMPILER=mb-gcc" "ARCHIVER=mb-ar" "COMPILER_FLAGS= -O2 -c -mcpu=v9.6 -mlittle-endian -mxl-soft-mul" "EXTRA_COMPILER_FLAGS=-g"
"Compiling axivdma"
mb-ar: creating ../../../lib/libxil.a
"Running Make libs in microblaze_0/libsrc/bram_v4_1/src"
make -C microblaze_0/libsrc/bram_v4_1/src -s libs  "SHELL=CMD" "COMPILER=mb-gcc" "ARCHIVER=mb-ar" "COMPILER_FLAGS= -O2 -c -mcpu=v9.6 -mlittle-endian -mxl-soft-mul" "EXTRA_COMPILER_FLAGS=-g"
"Compiling bram"
"Running Make libs in microblaze_0/libsrc/cpu_v2_5/src"
make -C microblaze_0/libsrc/cpu_v2_5/src -s libs  "SHELL=CMD" "COMPILER=mb-gcc" "ARCHIVER=mb-ar" "COMPILER_FLAGS= -O2 -c -mcpu=v9.6 -mlittle-endian -mxl-soft-mul" "EXTRA_COMPILER_FLAGS=-g"
"Compiling cpu"
"Running Make libs in microblaze_0/libsrc/gpio_v4_1/src"
make -C microblaze_0/libsrc/gpio_v4_1/src -s libs  "SHELL=CMD" "COMPILER=mb-gcc" "ARCHIVER=mb-ar" "COMPILER_FLAGS= -O2 -c -mcpu=v9.6 -mlittle-endian -mxl-soft-mul" "EXTRA_COMPILER_FLAGS=-g"
"Compiling gpio"
"Running Make libs in microblaze_0/libsrc/standalone_v5_5/src"
make -C microblaze_0/libsrc/standalone_v5_5/src -s libs  "SHELL=CMD" "COMPILER=mb-gcc" "ARCHIVER=mb-ar" "COMPILER_FLAGS= -O2 -c -mcpu=v9.6 -mlittle-endian -mxl-soft-mul" "EXTRA_COMPILER_FLAGS=-g"
"Compiling standalone";
'Finished building libraries'

**** Build of configuration Debug for project image_filter ****

Nothing to build for project image_filter
19:29:31 **** Auto Build of configuration Debug for project image_filter ****
make all 
'Building file: ../src/main.c'
'Invoking: MicroBlaze gcc compiler'
mb-gcc -Wall -O0 -g3 -c -fmessage-length=0 -MT"src/main.o" -I../../image_filter_bsp/microblaze_0/include -mlittle-endian -mcpu=v9.6 -mxl-soft-mul -Wl,--no-relax -MMD -MP -MF"src/main.d" -MT"src/main.o" -o "src/main.o" "../src/main.c"
'Finished building: ../src/main.c'
' '
'Building target: image_filter.elf'
'Invoking: MicroBlaze gcc linker'
mb-gcc -Wl,-T -Wl,../src/lscript.ld -L../../image_filter_bsp/microblaze_0/lib -mlittle-endian -mcpu=v9.6 -mxl-soft-mul -Wl,--no-relax -o "image_filter.elf"  ./src/main.o   -Wl,--start-group,-lxil,-lgcc,-lc,--end-group
f:/ece532/sdk/2016.2/gnu/microblaze/nt/bin/../lib/gcc/microblaze-xilinx-elf/5.2.0/../../../../microblaze-xilinx-elf/lib/le/crtinit.o: In function `_crtinit':
(.text+0x78): undefined reference to `main'
collect2.exe: error: ld returned 1 exit status
make: *** [image_filter.elf] ´íÎó 1
19:29:39 **** Auto Build of configuration Debug for project image_filter ****
make all 
'Building file: ../src/main.c'
'Invoking: MicroBlaze gcc compiler'
mb-gcc -Wall -O0 -g3 -c -fmessage-length=0 -MT"src/main.o" -I../../image_filter_bsp/microblaze_0/include -mlittle-endian -mcpu=v9.6 -mxl-soft-mul -Wl,--no-relax -MMD -MP -MF"src/main.d" -MT"src/main.o" -o "src/main.o" "../src/main.c"
../src/main.c: In function 'main':
../src/main.c:35:31: warning: initialization from incompatible pointer type [-Wincompatible-pointer-types]
  unsigned int (*fb_in)[640] = memptr;
                               ^
../src/main.c:36:32: warning: initialization makes pointer from integer without a cast [-Wint-conversion]
  unsigned int (*fb_out)[640] = 0x8012C000;
                                ^
'Finished building: ../src/main.c'
' '
'Building target: image_filter.elf'
'Invoking: MicroBlaze gcc linker'
mb-gcc -Wl,-T -Wl,../src/lscript.ld -L../../image_filter_bsp/microblaze_0/lib -mlittle-endian -mcpu=v9.6 -mxl-soft-mul -Wl,--no-relax -o "image_filter.elf"  ./src/main.o   -Wl,--start-group,-lxil,-lgcc,-lc,--end-group
'Finished building target: image_filter.elf'
' '
'Invoking: MicroBlaze Print Size'
mb-size image_filter.elf  |tee "image_filter.elf.size"
   text	   data	    bss	    dec	    hex	filename
   3772	    320	   3120	   7212	   1c2c	image_filter.elf
'Finished building: image_filter.elf.size'
' '
19:30:15 **** Auto Build of configuration Debug for project image_filter ****
make all 
'Building target: image_filter.elf'
'Invoking: MicroBlaze gcc linker'
mb-gcc -Wl,-T -Wl,../src/lscript.ld -L../../image_filter_bsp/microblaze_0/lib -mlittle-endian -mcpu=v9.6 -mxl-soft-mul -Wl,--no-relax -o "image_filter.elf"  ./src/main.o   -Wl,--start-group,-lxil,-lgcc,-lc,--end-group
'Finished building target: image_filter.elf'
' '
'Invoking: MicroBlaze Print Size'
mb-size image_filter.elf  |tee "image_filter.elf.size"
   text	   data	    bss	    dec	    hex	filename
   3772	    320	   3124	   7216	   1c30	image_filter.elf
'Finished building: image_filter.elf.size'
' '
19:31:57 **** Auto Build of configuration Debug for project image_filter ****
make all 
'Building file: ../src/main.c'
'Invoking: MicroBlaze gcc compiler'
mb-gcc -Wall -O0 -g3 -c -fmessage-length=0 -MT"src/main.o" -I../../image_filter_bsp/microblaze_0/include -mlittle-endian -mcpu=v9.6 -mxl-soft-mul -Wl,--no-relax -MMD -MP -MF"src/main.d" -MT"src/main.o" -o "src/main.o" "../src/main.c"
../src/main.c:38:25: error: redefinition of 'switches'
 volatile unsigned int * switches = (unsigned int *) 0x40000000;
                         ^
../src/main.c:28:25: note: previous definition of 'switches' was here
 volatile unsigned int * switches = (unsigned int *) 0x40000000;
                         ^
../src/main.c: In function 'main':
../src/main.c:42:31: warning: initialization from incompatible pointer type [-Wincompatible-pointer-types]
  unsigned int (*fb_in)[640] = memptr;
                               ^
../src/main.c:43:32: warning: initialization makes pointer from integer without a cast [-Wint-conversion]
  unsigned int (*fb_out)[640] = 0x8012C000;
                                ^
make: *** [src/main.o] ´íÎó 1
19:32:09 **** Auto Build of configuration Debug for project image_filter ****
make all 
'Building file: ../src/main.c'
'Invoking: MicroBlaze gcc compiler'
mb-gcc -Wall -O0 -g3 -c -fmessage-length=0 -MT"src/main.o" -I../../image_filter_bsp/microblaze_0/include -mlittle-endian -mcpu=v9.6 -mxl-soft-mul -Wl,--no-relax -MMD -MP -MF"src/main.d" -MT"src/main.o" -o "src/main.o" "../src/main.c"
../src/main.c: In function 'main':
../src/main.c:43:31: warning: initialization from incompatible pointer type [-Wincompatible-pointer-types]
  unsigned int (*fb_in)[640] = memptr;
                               ^
../src/main.c:44:32: warning: initialization makes pointer from integer without a cast [-Wint-conversion]
  unsigned int (*fb_out)[640] = 0x8012C000;
                                ^
'Finished building: ../src/main.c'
' '
'Building target: image_filter.elf'
'Invoking: MicroBlaze gcc linker'
mb-gcc -Wl,-T -Wl,../src/lscript.ld -L../../image_filter_bsp/microblaze_0/lib -mlittle-endian -mcpu=v9.6 -mxl-soft-mul -Wl,--no-relax -o "image_filter.elf"  ./src/main.o   -Wl,--start-group,-lxil,-lgcc,-lc,--end-group
'Finished building target: image_filter.elf'
' '
'Invoking: MicroBlaze Print Size'
mb-size image_filter.elf  |tee "image_filter.elf.size"
   text	   data	    bss	    dec	    hex	filename
   3772	    344	   3124	   7240	   1c48	image_filter.elf
'Finished building: image_filter.elf.size'
' '
19:32:32 **** Auto Build of configuration Debug for project image_filter ****
make all 
'Building file: ../src/main.c'
'Invoking: MicroBlaze gcc compiler'
mb-gcc -Wall -O0 -g3 -c -fmessage-length=0 -MT"src/main.o" -I../../image_filter_bsp/microblaze_0/include -mlittle-endian -mcpu=v9.6 -mxl-soft-mul -Wl,--no-relax -MMD -MP -MF"src/main.d" -MT"src/main.o" -o "src/main.o" "../src/main.c"
../src/main.c:31:25: error: redefinition of 'VDMA_FB_IN'
 volatile unsigned int * VDMA_FB_IN    = (unsigned int *)0x44A00000;
                         ^
../src/main.c:22:25: note: previous definition of 'VDMA_FB_IN' was here
 volatile unsigned int * VDMA_FB_IN    = (unsigned int *)0x44A00000;
                         ^
../src/main.c:32:25: error: redefinition of 'VDMA_FB_IN_CR'
 volatile unsigned int * VDMA_FB_IN_CR = (unsigned int *)0x44A00000;
                         ^
../src/main.c:23:25: note: previous definition of 'VDMA_FB_IN_CR' was here
 volatile unsigned int * VDMA_FB_IN_CR = (unsigned int *)0x44A00000;
                         ^
../src/main.c:33:25: error: redefinition of 'VDMA_FB_IN_AD'
 volatile unsigned int * VDMA_FB_IN_AD = (unsigned int *)0x44A0005C;
                         ^
../src/main.c:24:25: note: previous definition of 'VDMA_FB_IN_AD' was here
 volatile unsigned int * VDMA_FB_IN_AD = (unsigned int *)0x44A0005C;
                         ^
../src/main.c:34:25: error: redefinition of 'VDMA_FB_IN_ST'
 volatile unsigned int * VDMA_FB_IN_ST = (unsigned int *)0x44A00058;
                         ^
../src/main.c:25:25: note: previous definition of 'VDMA_FB_IN_ST' was here
 volatile unsigned int * VDMA_FB_IN_ST = (unsigned int *)0x44A00058;
                         ^
../src/main.c:35:25: error: redefinition of 'VDMA_FB_IN_HS'
 volatile unsigned int * VDMA_FB_IN_HS = (unsigned int *)0x44A00054;
                         ^
../src/main.c:26:25: note: previous definition of 'VDMA_FB_IN_HS' was here
 volatile unsigned int * VDMA_FB_IN_HS = (unsigned int *)0x44A00054;
                         ^
../src/main.c:36:25: error: redefinition of 'VDMA_FB_IN_VS'
 volatile unsigned int * VDMA_FB_IN_VS = (unsigned int *)0x44A00050;
                         ^
../src/main.c:27:25: note: previous definition of 'VDMA_FB_IN_VS' was here
 volatile unsigned int * VDMA_FB_IN_VS = (unsigned int *)0x44A00050;
                         ^
../src/main.c: In function 'main':
../src/main.c:52:31: warning: initialization from incompatible pointer type [-Wincompatible-pointer-types]
  unsigned int (*fb_in)[640] = memptr;
                               ^
../src/main.c:53:32: warning: initialization makes pointer from integer without a cast [-Wint-conversion]
  unsigned int (*fb_out)[640] = 0x8012C000;
                                ^
make: *** [src/main.o] ´íÎó 1
19:34:34 **** Auto Build of configuration Debug for project image_filter ****
make all 
'Building file: ../src/main.c'
'Invoking: MicroBlaze gcc compiler'
mb-gcc -Wall -O0 -g3 -c -fmessage-length=0 -MT"src/main.o" -I../../image_filter_bsp/microblaze_0/include -mlittle-endian -mcpu=v9.6 -mxl-soft-mul -Wl,--no-relax -MMD -MP -MF"src/main.d" -MT"src/main.o" -o "src/main.o" "../src/main.c"
../src/main.c: In function 'main':
../src/main.c:54:31: warning: initialization from incompatible pointer type [-Wincompatible-pointer-types]
  unsigned int (*fb_in)[640] = memptr;
                               ^
../src/main.c:55:32: warning: initialization makes pointer from integer without a cast [-Wint-conversion]
  unsigned int (*fb_out)[640] = 0x8012C000;
                                ^
'Finished building: ../src/main.c'
' '
'Building target: image_filter.elf'
'Invoking: MicroBlaze gcc linker'
mb-gcc -Wl,-T -Wl,../src/lscript.ld -L../../image_filter_bsp/microblaze_0/lib -mlittle-endian -mcpu=v9.6 -mxl-soft-mul -Wl,--no-relax -o "image_filter.elf"  ./src/main.o   -Wl,--start-group,-lxil,-lgcc,-lc,--end-group
'Finished building target: image_filter.elf'
' '
'Invoking: MicroBlaze Print Size'
mb-size image_filter.elf  |tee "image_filter.elf.size"
   text	   data	    bss	    dec	    hex	filename
   3772	    368	   3124	   7264	   1c60	image_filter.elf
'Finished building: image_filter.elf.size'
' '
19:35:12 **** Auto Build of configuration Debug for project image_filter ****
make all 
'Building file: ../src/main.c'
'Invoking: MicroBlaze gcc compiler'
mb-gcc -Wall -O0 -g3 -c -fmessage-length=0 -MT"src/main.o" -I../../image_filter_bsp/microblaze_0/include -mlittle-endian -mcpu=v9.6 -mxl-soft-mul -Wl,--no-relax -MMD -MP -MF"src/main.d" -MT"src/main.o" -o "src/main.o" "../src/main.c"
../src/main.c: In function 'main':
../src/main.c:54:31: warning: initialization from incompatible pointer type [-Wincompatible-pointer-types]
  unsigned int (*fb_in)[640] = memptr;
                               ^
../src/main.c:55:32: warning: initialization makes pointer from integer without a cast [-Wint-conversion]
  unsigned int (*fb_out)[640] = 0x8012C000;
                                ^
'Finished building: ../src/main.c'
' '
'Building target: image_filter.elf'
'Invoking: MicroBlaze gcc linker'
mb-gcc -Wl,-T -Wl,../src/lscript.ld -L../../image_filter_bsp/microblaze_0/lib -mlittle-endian -mcpu=v9.6 -mxl-soft-mul -Wl,--no-relax -o "image_filter.elf"  ./src/main.o   -Wl,--start-group,-lxil,-lgcc,-lc,--end-group
'Finished building target: image_filter.elf'
' '
'Invoking: MicroBlaze Print Size'
mb-size image_filter.elf  |tee "image_filter.elf.size"
   text	   data	    bss	    dec	    hex	filename
   3772	    368	   3124	   7264	   1c60	image_filter.elf
'Finished building: image_filter.elf.size'
' '
19:36:29 **** Auto Build of configuration Debug for project image_filter ****
make all 
'Building file: ../src/main.c'
'Invoking: MicroBlaze gcc compiler'
mb-gcc -Wall -O0 -g3 -c -fmessage-length=0 -MT"src/main.o" -I../../image_filter_bsp/microblaze_0/include -mlittle-endian -mcpu=v9.6 -mxl-soft-mul -Wl,--no-relax -MMD -MP -MF"src/main.d" -MT"src/main.o" -o "src/main.o" "../src/main.c"
../src/main.c: In function 'main':
../src/main.c:54:31: warning: initialization from incompatible pointer type [-Wincompatible-pointer-types]
  unsigned int (*fb_in)[640] = memptr;
                               ^
../src/main.c:55:32: warning: initialization makes pointer from integer without a cast [-Wint-conversion]
  unsigned int (*fb_out)[640] = 0x8012C000;
                                ^
'Finished building: ../src/main.c'
' '
'Building target: image_filter.elf'
'Invoking: MicroBlaze gcc linker'
mb-gcc -Wl,-T -Wl,../src/lscript.ld -L../../image_filter_bsp/microblaze_0/lib -mlittle-endian -mcpu=v9.6 -mxl-soft-mul -Wl,--no-relax -o "image_filter.elf"  ./src/main.o   -Wl,--start-group,-lxil,-lgcc,-lc,--end-group
'Finished building target: image_filter.elf'
' '
'Invoking: MicroBlaze Print Size'
mb-size image_filter.elf  |tee "image_filter.elf.size"
   text	   data	    bss	    dec	    hex	filename
   3772	    368	   3124	   7264	   1c60	image_filter.elf
'Finished building: image_filter.elf.size'
' '
19:37:33 **** Auto Build of configuration Debug for project image_filter ****
make all 
'Building file: ../src/main.c'
'Invoking: MicroBlaze gcc compiler'
mb-gcc -Wall -O0 -g3 -c -fmessage-length=0 -MT"src/main.o" -I../../image_filter_bsp/microblaze_0/include -mlittle-endian -mcpu=v9.6 -mxl-soft-mul -Wl,--no-relax -MMD -MP -MF"src/main.d" -MT"src/main.o" -o "src/main.o" "../src/main.c"
../src/main.c: In function 'main':
../src/main.c:54:31: warning: initialization from incompatible pointer type [-Wincompatible-pointer-types]
  unsigned int (*fb_in)[640] = memptr;
                               ^
../src/main.c:55:32: warning: initialization makes pointer from integer without a cast [-Wint-conversion]
  unsigned int (*fb_out)[640] = 0x8100000;
                                ^
'Finished building: ../src/main.c'
' '
'Building target: image_filter.elf'
'Invoking: MicroBlaze gcc linker'
mb-gcc -Wl,-T -Wl,../src/lscript.ld -L../../image_filter_bsp/microblaze_0/lib -mlittle-endian -mcpu=v9.6 -mxl-soft-mul -Wl,--no-relax -o "image_filter.elf"  ./src/main.o   -Wl,--start-group,-lxil,-lgcc,-lc,--end-group
'Finished building target: image_filter.elf'
' '
'Invoking: MicroBlaze Print Size'
mb-size image_filter.elf  |tee "image_filter.elf.size"
   text	   data	    bss	    dec	    hex	filename
   3772	    368	   3124	   7264	   1c60	image_filter.elf
'Finished building: image_filter.elf.size'
' '
19:37:52 **** Auto Build of configuration Debug for project image_filter ****
make all 
'Building file: ../src/main.c'
'Invoking: MicroBlaze gcc compiler'
mb-gcc -Wall -O0 -g3 -c -fmessage-length=0 -MT"src/main.o" -I../../image_filter_bsp/microblaze_0/include -mlittle-endian -mcpu=v9.6 -mxl-soft-mul -Wl,--no-relax -MMD -MP -MF"src/main.d" -MT"src/main.o" -o "src/main.o" "../src/main.c"
../src/main.c: In function 'main':
../src/main.c:54:31: warning: initialization from incompatible pointer type [-Wincompatible-pointer-types]
  unsigned int (*fb_in)[640] = memptr;
                               ^
../src/main.c:55:32: warning: initialization makes pointer from integer without a cast [-Wint-conversion]
  unsigned int (*fb_out)[640] = 0x8100000;
                                ^
../src/main.c:53:25: warning: unused variable 'jj' [-Wunused-variable]
  unsigned int i, j, ii, jj;
                         ^
../src/main.c:53:21: warning: unused variable 'ii' [-Wunused-variable]
  unsigned int i, j, ii, jj;
                     ^
'Finished building: ../src/main.c'
' '
'Building target: image_filter.elf'
'Invoking: MicroBlaze gcc linker'
mb-gcc -Wl,-T -Wl,../src/lscript.ld -L../../image_filter_bsp/microblaze_0/lib -mlittle-endian -mcpu=v9.6 -mxl-soft-mul -Wl,--no-relax -o "image_filter.elf"  ./src/main.o   -Wl,--start-group,-lxil,-lgcc,-lc,--end-group
'Finished building target: image_filter.elf'
' '
'Invoking: MicroBlaze Print Size'
mb-size image_filter.elf  |tee "image_filter.elf.size"
   text	   data	    bss	    dec	    hex	filename
   3088	    368	   3120	   6576	   19b0	image_filter.elf
'Finished building: image_filter.elf.size'
' '
19:38:54 **** Auto Build of configuration Debug for project image_filter ****
make all 
'Building file: ../src/main.c'
'Invoking: MicroBlaze gcc compiler'
mb-gcc -Wall -O0 -g3 -c -fmessage-length=0 -MT"src/main.o" -I../../image_filter_bsp/microblaze_0/include -mlittle-endian -mcpu=v9.6 -mxl-soft-mul -Wl,--no-relax -MMD -MP -MF"src/main.d" -MT"src/main.o" -o "src/main.o" "../src/main.c"
../src/main.c: In function 'main':
../src/main.c:54:31: warning: initialization from incompatible pointer type [-Wincompatible-pointer-types]
  unsigned int (*fb_in)[640] = memptr;
                               ^
../src/main.c:55:32: warning: initialization makes pointer from integer without a cast [-Wint-conversion]
  unsigned int (*fb_out)[640] = 0x8100000;
                                ^
../src/main.c:53:25: warning: unused variable 'jj' [-Wunused-variable]
  unsigned int i, j, ii, jj;
                         ^
../src/main.c:53:21: warning: unused variable 'ii' [-Wunused-variable]
  unsigned int i, j, ii, jj;
                     ^
'Finished building: ../src/main.c'
' '
'Building target: image_filter.elf'
'Invoking: MicroBlaze gcc linker'
mb-gcc -Wl,-T -Wl,../src/lscript.ld -L../../image_filter_bsp/microblaze_0/lib -mlittle-endian -mcpu=v9.6 -mxl-soft-mul -Wl,--no-relax -o "image_filter.elf"  ./src/main.o   -Wl,--start-group,-lxil,-lgcc,-lc,--end-group
'Finished building target: image_filter.elf'
' '
'Invoking: MicroBlaze Print Size'
mb-size image_filter.elf  |tee "image_filter.elf.size"
   text	   data	    bss	    dec	    hex	filename
   3248	    368	   3120	   6736	   1a50	image_filter.elf
'Finished building: image_filter.elf.size'
' '
19:39:04 **** Auto Build of configuration Debug for project image_filter ****
make all 
'Building file: ../src/main.c'
'Invoking: MicroBlaze gcc compiler'
mb-gcc -Wall -O0 -g3 -c -fmessage-length=0 -MT"src/main.o" -I../../image_filter_bsp/microblaze_0/include -mlittle-endian -mcpu=v9.6 -mxl-soft-mul -Wl,--no-relax -MMD -MP -MF"src/main.d" -MT"src/main.o" -o "src/main.o" "../src/main.c"
../src/main.c: In function 'main':
../src/main.c:54:31: warning: initialization from incompatible pointer type [-Wincompatible-pointer-types]
  unsigned int (*fb_in)[640] = memptr;
                               ^
../src/main.c:55:32: warning: initialization makes pointer from integer without a cast [-Wint-conversion]
  unsigned int (*fb_out)[640] = 0x8100000;
                                ^
../src/main.c:53:25: warning: unused variable 'jj' [-Wunused-variable]
  unsigned int i, j, ii, jj;
                         ^
../src/main.c:53:21: warning: unused variable 'ii' [-Wunused-variable]
  unsigned int i, j, ii, jj;
                     ^
'Finished building: ../src/main.c'
' '
'Building target: image_filter.elf'
'Invoking: MicroBlaze gcc linker'
mb-gcc -Wl,-T -Wl,../src/lscript.ld -L../../image_filter_bsp/microblaze_0/lib -mlittle-endian -mcpu=v9.6 -mxl-soft-mul -Wl,--no-relax -o "image_filter.elf"  ./src/main.o   -Wl,--start-group,-lxil,-lgcc,-lc,--end-group
'Finished building target: image_filter.elf'
' '
'Invoking: MicroBlaze Print Size'
mb-size image_filter.elf  |tee "image_filter.elf.size"
   text	   data	    bss	    dec	    hex	filename
   3248	    368	   3120	   6736	   1a50	image_filter.elf
'Finished building: image_filter.elf.size'
' '
19:39:17 **** Auto Build of configuration Debug for project image_filter ****
make all 
'Building file: ../src/main.c'
'Invoking: MicroBlaze gcc compiler'
mb-gcc -Wall -O0 -g3 -c -fmessage-length=0 -MT"src/main.o" -I../../image_filter_bsp/microblaze_0/include -mlittle-endian -mcpu=v9.6 -mxl-soft-mul -Wl,--no-relax -MMD -MP -MF"src/main.d" -MT"src/main.o" -o "src/main.o" "../src/main.c"
../src/main.c: In function 'main':
../src/main.c:54:31: warning: initialization from incompatible pointer type [-Wincompatible-pointer-types]
  unsigned int (*fb_in)[640] = memptr;
                               ^
../src/main.c:55:32: warning: initialization makes pointer from integer without a cast [-Wint-conversion]
  unsigned int (*fb_out)[640] = 0x8100000;
                                ^
../src/main.c:53:25: warning: unused variable 'jj' [-Wunused-variable]
  unsigned int i, j, ii, jj;
                         ^
../src/main.c:53:21: warning: unused variable 'ii' [-Wunused-variable]
  unsigned int i, j, ii, jj;
                     ^
'Finished building: ../src/main.c'
' '
'Building target: image_filter.elf'
'Invoking: MicroBlaze gcc linker'
mb-gcc -Wl,-T -Wl,../src/lscript.ld -L../../image_filter_bsp/microblaze_0/lib -mlittle-endian -mcpu=v9.6 -mxl-soft-mul -Wl,--no-relax -o "image_filter.elf"  ./src/main.o   -Wl,--start-group,-lxil,-lgcc,-lc,--end-group
'Finished building target: image_filter.elf'
' '
'Invoking: MicroBlaze Print Size'
mb-size image_filter.elf  |tee "image_filter.elf.size"
   text	   data	    bss	    dec	    hex	filename
   3248	    368	   3120	   6736	   1a50	image_filter.elf
'Finished building: image_filter.elf.size'
' '
19:40:49 **** Auto Build of configuration Debug for project image_filter ****
make all 
'Building file: ../src/main.c'
'Invoking: MicroBlaze gcc compiler'
mb-gcc -Wall -O0 -g3 -c -fmessage-length=0 -MT"src/main.o" -I../../image_filter_bsp/microblaze_0/include -mlittle-endian -mcpu=v9.6 -mxl-soft-mul -Wl,--no-relax -MMD -MP -MF"src/main.d" -MT"src/main.o" -o "src/main.o" "../src/main.c"
../src/main.c: In function 'main':
../src/main.c:54:31: warning: initialization from incompatible pointer type [-Wincompatible-pointer-types]
  unsigned int (*fb_in)[640] = memptr;
                               ^
../src/main.c:55:32: warning: initialization makes pointer from integer without a cast [-Wint-conversion]
  unsigned int (*fb_out)[640] = 0x8100000;
                                ^
../src/main.c:53:25: warning: unused variable 'jj' [-Wunused-variable]
  unsigned int i, j, ii, jj;
                         ^
../src/main.c:53:21: warning: unused variable 'ii' [-Wunused-variable]
  unsigned int i, j, ii, jj;
                     ^
'Finished building: ../src/main.c'
' '
'Building target: image_filter.elf'
'Invoking: MicroBlaze gcc linker'
mb-gcc -Wl,-T -Wl,../src/lscript.ld -L../../image_filter_bsp/microblaze_0/lib -mlittle-endian -mcpu=v9.6 -mxl-soft-mul -Wl,--no-relax -o "image_filter.elf"  ./src/main.o   -Wl,--start-group,-lxil,-lgcc,-lc,--end-group
'Finished building target: image_filter.elf'
' '
'Invoking: MicroBlaze Print Size'
mb-size image_filter.elf  |tee "image_filter.elf.size"
   text	   data	    bss	    dec	    hex	filename
   3248	    368	   3120	   6736	   1a50	image_filter.elf
'Finished building: image_filter.elf.size'
' '
19:41:12 **** Auto Build of configuration Debug for project image_filter ****
make all 
'Building file: ../src/main.c'
'Invoking: MicroBlaze gcc compiler'
mb-gcc -Wall -O0 -g3 -c -fmessage-length=0 -MT"src/main.o" -I../../image_filter_bsp/microblaze_0/include -mlittle-endian -mcpu=v9.6 -mxl-soft-mul -Wl,--no-relax -MMD -MP -MF"src/main.d" -MT"src/main.o" -o "src/main.o" "../src/main.c"
../src/main.c: In function 'main':
../src/main.c:54:31: warning: initialization from incompatible pointer type [-Wincompatible-pointer-types]
  unsigned int (*fb_in)[640] = memptr;
                               ^
../src/main.c:55:32: warning: initialization makes pointer from integer without a cast [-Wint-conversion]
  unsigned int (*fb_out)[640] = 0x8100000;
                                ^
../src/main.c:53:25: warning: unused variable 'jj' [-Wunused-variable]
  unsigned int i, j, ii, jj;
                         ^
../src/main.c:53:21: warning: unused variable 'ii' [-Wunused-variable]
  unsigned int i, j, ii, jj;
                     ^
'Finished building: ../src/main.c'
' '
'Building target: image_filter.elf'
'Invoking: MicroBlaze gcc linker'
mb-gcc -Wl,-T -Wl,../src/lscript.ld -L../../image_filter_bsp/microblaze_0/lib -mlittle-endian -mcpu=v9.6 -mxl-soft-mul -Wl,--no-relax -o "image_filter.elf"  ./src/main.o   -Wl,--start-group,-lxil,-lgcc,-lc,--end-group
'Finished building target: image_filter.elf'
' '
'Invoking: MicroBlaze Print Size'
mb-size image_filter.elf  |tee "image_filter.elf.size"
   text	   data	    bss	    dec	    hex	filename
   3248	    368	   3120	   6736	   1a50	image_filter.elf
'Finished building: image_filter.elf.size'
' '
19:43:29 **** Incremental Build of configuration Debug for project image_filter ****
make all 
make: Nothing to be done for `all'.
19:44:20 **** Incremental Build of configuration Debug for project image_filter ****
make all 
make: Nothing to be done for `all'.
19:48:06 **** Auto Build of configuration Debug for project image_filter ****
make all 
'Building file: ../src/main.c'
'Invoking: MicroBlaze gcc compiler'
mb-gcc -Wall -O0 -g3 -c -fmessage-length=0 -MT"src/main.o" -I../../image_filter_bsp/microblaze_0/include -mlittle-endian -mcpu=v9.6 -mxl-soft-mul -Wl,--no-relax -MMD -MP -MF"src/main.d" -MT"src/main.o" -o "src/main.o" "../src/main.c"
../src/main.c: In function 'main':
../src/main.c:54:31: warning: initialization from incompatible pointer type [-Wincompatible-pointer-types]
  unsigned int (*fb_in)[640] = memptr;
                               ^
../src/main.c:55:32: warning: initialization makes pointer from integer without a cast [-Wint-conversion]
  unsigned int (*fb_out)[640] = 0x81000000;
                                ^
../src/main.c:53:25: warning: unused variable 'jj' [-Wunused-variable]
  unsigned int i, j, ii, jj;
                         ^
../src/main.c:53:21: warning: unused variable 'ii' [-Wunused-variable]
  unsigned int i, j, ii, jj;
                     ^
'Finished building: ../src/main.c'
' '
'Building target: image_filter.elf'
'Invoking: MicroBlaze gcc linker'
mb-gcc -Wl,-T -Wl,../src/lscript.ld -L../../image_filter_bsp/microblaze_0/lib -mlittle-endian -mcpu=v9.6 -mxl-soft-mul -Wl,--no-relax -o "image_filter.elf"  ./src/main.o   -Wl,--start-group,-lxil,-lgcc,-lc,--end-group
'Finished building target: image_filter.elf'
' '
'Invoking: MicroBlaze Print Size'
mb-size image_filter.elf  |tee "image_filter.elf.size"
   text	   data	    bss	    dec	    hex	filename
   3248	    368	   3120	   6736	   1a50	image_filter.elf
'Finished building: image_filter.elf.size'
' '
19:48:30 **** Incremental Build of configuration Debug for project image_filter ****
make all 
make: Nothing to be done for `all'.
19:56:17 **** Incremental Build of configuration Debug for project image_filter ****
make all 
make: Nothing to be done for `all'.
19:57:38 **** Auto Build of configuration Debug for project image_filter ****
make all 
'Building file: ../src/main.c'
'Invoking: MicroBlaze gcc compiler'
mb-gcc -Wall -O0 -g3 -c -fmessage-length=0 -MT"src/main.o" -I../../image_filter_bsp/microblaze_0/include -mlittle-endian -mcpu=v9.6 -mxl-soft-mul -Wl,--no-relax -MMD -MP -MF"src/main.d" -MT"src/main.o" -o "src/main.o" "../src/main.c"
../src/main.c: In function 'main':
../src/main.c:54:31: warning: initialization from incompatible pointer type [-Wincompatible-pointer-types]
  unsigned int (*fb_in)[640] = memptr;
                               ^
../src/main.c:55:32: warning: initialization makes pointer from integer without a cast [-Wint-conversion]
  unsigned int (*fb_out)[640] = 0x81000000;
                                ^
../src/main.c:53:25: warning: unused variable 'jj' [-Wunused-variable]
  unsigned int i, j, ii, jj;
                         ^
../src/main.c:53:21: warning: unused variable 'ii' [-Wunused-variable]
  unsigned int i, j, ii, jj;
                     ^
'Finished building: ../src/main.c'
' '
'Building target: image_filter.elf'
'Invoking: MicroBlaze gcc linker'
mb-gcc -Wl,-T -Wl,../src/lscript.ld -L../../image_filter_bsp/microblaze_0/lib -mlittle-endian -mcpu=v9.6 -mxl-soft-mul -Wl,--no-relax -o "image_filter.elf"  ./src/main.o   -Wl,--start-group,-lxil,-lgcc,-lc,--end-group
'Finished building target: image_filter.elf'
' '
'Invoking: MicroBlaze Print Size'
mb-size image_filter.elf  |tee "image_filter.elf.size"
   text	   data	    bss	    dec	    hex	filename
   3248	    368	   3120	   6736	   1a50	image_filter.elf
'Finished building: image_filter.elf.size'
' '
19:58:10 **** Incremental Build of configuration Debug for project image_filter ****
make all 
make: Nothing to be done for `all'.
20:16:53 **** Auto Build of configuration Debug for project image_filter ****
make all 
'Building file: ../src/main.c'
'Invoking: MicroBlaze gcc compiler'
mb-gcc -Wall -O0 -g3 -c -fmessage-length=0 -MT"src/main.o" -I../../image_filter_bsp/microblaze_0/include -mlittle-endian -mcpu=v9.6 -mxl-soft-mul -Wl,--no-relax -MMD -MP -MF"src/main.d" -MT"src/main.o" -o "src/main.o" "../src/main.c"
../src/main.c: In function 'main':
../src/main.c:54:31: warning: initialization from incompatible pointer type [-Wincompatible-pointer-types]
  unsigned int (*fb_in)[640] = memptr;
                               ^
../src/main.c:55:32: warning: initialization makes pointer from integer without a cast [-Wint-conversion]
  unsigned int (*fb_out)[640] = 0x81000000;
                                ^
../src/main.c:53:25: warning: unused variable 'jj' [-Wunused-variable]
  unsigned int i, j, ii, jj;
                         ^
../src/main.c:53:21: warning: unused variable 'ii' [-Wunused-variable]
  unsigned int i, j, ii, jj;
                     ^
'Finished building: ../src/main.c'
' '
'Building target: image_filter.elf'
'Invoking: MicroBlaze gcc linker'
mb-gcc -Wl,-T -Wl,../src/lscript.ld -L../../image_filter_bsp/microblaze_0/lib -mlittle-endian -mcpu=v9.6 -mxl-soft-mul -Wl,--no-relax -o "image_filter.elf"  ./src/main.o   -Wl,--start-group,-lxil,-lgcc,-lc,--end-group
'Finished building target: image_filter.elf'
' '
'Invoking: MicroBlaze Print Size'
mb-size image_filter.elf  |tee "image_filter.elf.size"
   text	   data	    bss	    dec	    hex	filename
   3248	    368	   3120	   6736	   1a50	image_filter.elf
'Finished building: image_filter.elf.size'
' '
20:18:26 **** Incremental Build of configuration Debug for project image_filter ****
make all 
make: Nothing to be done for `all'.
20:19:05 **** Incremental Build of configuration Debug for project image_filter ****
make all 
make: Nothing to be done for `all'.
20:19:40 **** Incremental Build of configuration Debug for project image_filter ****
make all 
make: Nothing to be done for `all'.
23:56:21 **** Auto Build of configuration Debug for project image_filter ****
make all 
'Building file: ../src/main.c'
'Invoking: MicroBlaze gcc compiler'
mb-gcc -Wall -O0 -g3 -c -fmessage-length=0 -MT"src/main.o" -I../../image_filter_bsp/microblaze_0/include -mlittle-endian -mcpu=v9.6 -mxl-soft-mul -Wl,--no-relax -MMD -MP -MF"src/main.d" -MT"src/main.o" -o "src/main.o" "../src/main.c"
../src/main.c: In function 'main':
../src/main.c:54:31: warning: initialization from incompatible pointer type [-Wincompatible-pointer-types]
  unsigned int (*fb_in)[640] = memptr;
                               ^
../src/main.c:55:32: warning: initialization makes pointer from integer without a cast [-Wint-conversion]
  unsigned int (*fb_out)[640] = 0x81000000;
                                ^
../src/main.c:93:4: error: 'VDMA_VGA_CR' undeclared (first use in this function)
  *(VDMA_VGA_CR) = 0x1;   // Enable VDMA
    ^
../src/main.c:93:4: note: each undeclared identifier is reported only once for each function it appears in
../src/main.c:94:4: error: 'VDMA_VGA_AD' undeclared (first use in this function)
  *(VDMA_VGA_AD) = (unsigned int)fb_out;  // The base address of the frame buffer
    ^
../src/main.c:95:4: error: 'VDMA_VGA_ST' undeclared (first use in this function)
  *(VDMA_VGA_ST) = 2560;   // Line size (stride value)
    ^
../src/main.c:96:4: error: 'VDMA_VGA_HS' undeclared (first use in this function)
  *(VDMA_VGA_HS) = 4*DISPLAY_COLUMNS; // Horizontal Pixel Count * 4B/pixel
    ^
../src/main.c:97:4: error: 'VDMA_VGA_VS' undeclared (first use in this function)
  *(VDMA_VGA_VS) = DISPLAY_ROWS;  // Vertical Line Count
    ^
../src/main.c:99:4: error: 'VDMA_FB_IN_CR' undeclared (first use in this function)
  *(VDMA_FB_IN_CR) = 0x1;   // Enable VDMA
    ^
../src/main.c:100:4: error: 'VDMA_FB_IN_AD' undeclared (first use in this function)
  *(VDMA_FB_IN_AD) = (unsigned int)fb_in;  // The base address of the frame buffer
    ^
../src/main.c:101:4: error: 'VDMA_FB_IN_ST' undeclared (first use in this function)
  *(VDMA_FB_IN_ST) = 2560;   // Line size (stride value)
    ^
../src/main.c:102:4: error: 'VDMA_FB_IN_HS' undeclared (first use in this function)
  *(VDMA_FB_IN_HS) = 4*DISPLAY_COLUMNS; // Horizontal Pixel Count * 4B/pixel
    ^
../src/main.c:103:4: error: 'VDMA_FB_IN_VS' undeclared (first use in this function)
  *(VDMA_FB_IN_VS) = DISPLAY_ROWS;  // Vertical Line Count
    ^
../src/main.c:53:25: warning: unused variable 'jj' [-Wunused-variable]
  unsigned int i, j, ii, jj;
                         ^
../src/main.c:53:21: warning: unused variable 'ii' [-Wunused-variable]
  unsigned int i, j, ii, jj;
                     ^
make: *** [src/main.o] ´íÎó 1
23:56:35 **** Auto Build of configuration Debug for project image_filter ****
make all 
'Building file: ../src/main.c'
'Invoking: MicroBlaze gcc compiler'
mb-gcc -Wall -O0 -g3 -c -fmessage-length=0 -MT"src/main.o" -I../../image_filter_bsp/microblaze_0/include -mlittle-endian -mcpu=v9.6 -mxl-soft-mul -Wl,--no-relax -MMD -MP -MF"src/main.d" -MT"src/main.o" -o "src/main.o" "../src/main.c"
../src/main.c: In function 'main':
../src/main.c:54:31: warning: initialization from incompatible pointer type [-Wincompatible-pointer-types]
  unsigned int (*fb_in)[640] = memptr;
                               ^
../src/main.c:55:32: warning: initialization makes pointer from integer without a cast [-Wint-conversion]
  unsigned int (*fb_out)[640] = 0x81000000;
                                ^
../src/main.c:117:5: error: 'VDMA_VGA_CR' undeclared (first use in this function)
   *(VDMA_VGA_CR) = 0x0;
     ^
../src/main.c:117:5: note: each undeclared identifier is reported only once for each function it appears in
../src/main.c:121:6: error: 'VDMA_VGA_AD' undeclared (first use in this function)
    *(VDMA_VGA_AD) = (unsigned int)fb_out;
      ^
../src/main.c:124:5: error: 'VDMA_VGA_ST' undeclared (first use in this function)
   *(VDMA_VGA_ST) = 2560;   // Line size (stride value)
     ^
../src/main.c:125:5: error: 'VDMA_VGA_HS' undeclared (first use in this function)
   *(VDMA_VGA_HS) = 4*DISPLAY_COLUMNS; // Horizontal Pixel Count * 4B/pixel
     ^
../src/main.c:126:5: error: 'VDMA_VGA_VS' undeclared (first use in this function)
   *(VDMA_VGA_VS) = DISPLAY_ROWS;  // Vertical Line Count
     ^
../src/main.c:53:25: warning: unused variable 'jj' [-Wunused-variable]
  unsigned int i, j, ii, jj;
                         ^
../src/main.c:53:21: warning: unused variable 'ii' [-Wunused-variable]
  unsigned int i, j, ii, jj;
                     ^
make: *** [src/main.o] ´íÎó 1
23:57:08 **** Auto Build of configuration Debug for project image_filter ****
make all 
'Building file: ../src/main.c'
'Invoking: MicroBlaze gcc compiler'
mb-gcc -Wall -O0 -g3 -c -fmessage-length=0 -MT"src/main.o" -I../../image_filter_bsp/microblaze_0/include -mlittle-endian -mcpu=v9.6 -mxl-soft-mul -Wl,--no-relax -MMD -MP -MF"src/main.d" -MT"src/main.o" -o "src/main.o" "../src/main.c"
../src/main.c: In function 'main':
../src/main.c:54:31: warning: initialization from incompatible pointer type [-Wincompatible-pointer-types]
  unsigned int (*fb_in)[640] = memptr;
                               ^
../src/main.c:55:32: warning: initialization makes pointer from integer without a cast [-Wint-conversion]
  unsigned int (*fb_out)[640] = 0x81000000;
                                ^
../src/main.c:56:6: warning: variable 'switch_value' set but not used [-Wunused-but-set-variable]
  int switch_value = 0;
      ^
../src/main.c:53:25: warning: unused variable 'jj' [-Wunused-variable]
  unsigned int i, j, ii, jj;
                         ^
../src/main.c:53:21: warning: unused variable 'ii' [-Wunused-variable]
  unsigned int i, j, ii, jj;
                     ^
'Finished building: ../src/main.c'
' '
'Building target: image_filter.elf'
'Invoking: MicroBlaze gcc linker'
mb-gcc -Wl,-T -Wl,../src/lscript.ld -L../../image_filter_bsp/microblaze_0/lib -mlittle-endian -mcpu=v9.6 -mxl-soft-mul -Wl,--no-relax -o "image_filter.elf"  ./src/main.o   -Wl,--start-group,-lxil,-lgcc,-lc,--end-group
'Finished building target: image_filter.elf'
' '
'Invoking: MicroBlaze Print Size'
mb-size image_filter.elf  |tee "image_filter.elf.size"
   text	   data	    bss	    dec	    hex	filename
   2672	    312	   3112	   6096	   17d0	image_filter.elf
'Finished building: image_filter.elf.size'
' '
23:57:31 **** Auto Build of configuration Debug for project image_filter ****
make all 
'Building file: ../src/main.c'
'Invoking: MicroBlaze gcc compiler'
mb-gcc -Wall -O0 -g3 -c -fmessage-length=0 -MT"src/main.o" -I../../image_filter_bsp/microblaze_0/include -mlittle-endian -mcpu=v9.6 -mxl-soft-mul -Wl,--no-relax -MMD -MP -MF"src/main.d" -MT"src/main.o" -o "src/main.o" "../src/main.c"
../src/main.c: In function 'main':
../src/main.c:54:31: warning: initialization from incompatible pointer type [-Wincompatible-pointer-types]
  unsigned int (*fb_in)[640] = memptr;
                               ^
../src/main.c:55:32: warning: initialization makes pointer from integer without a cast [-Wint-conversion]
  unsigned int (*fb_out)[640] = 0x81000000;
                                ^
../src/main.c:99:4: error: 'VDMA_FB_IN_CR' undeclared (first use in this function)
  *(VDMA_FB_IN_CR) = 0x1;   // Enable VDMA
    ^
../src/main.c:99:4: note: each undeclared identifier is reported only once for each function it appears in
../src/main.c:100:4: error: 'VDMA_FB_IN_AD' undeclared (first use in this function)
  *(VDMA_FB_IN_AD) = (unsigned int)fb_in;  // The base address of the frame buffer
    ^
../src/main.c:101:4: error: 'VDMA_FB_IN_ST' undeclared (first use in this function)
  *(VDMA_FB_IN_ST) = 2560;   // Line size (stride value)
    ^
../src/main.c:102:4: error: 'VDMA_FB_IN_HS' undeclared (first use in this function)
  *(VDMA_FB_IN_HS) = 4*DISPLAY_COLUMNS; // Horizontal Pixel Count * 4B/pixel
    ^
../src/main.c:103:4: error: 'VDMA_FB_IN_VS' undeclared (first use in this function)
  *(VDMA_FB_IN_VS) = DISPLAY_ROWS;  // Vertical Line Count
    ^
../src/main.c:56:6: warning: variable 'switch_value' set but not used [-Wunused-but-set-variable]
  int switch_value = 0;
      ^
../src/main.c:53:25: warning: unused variable 'jj' [-Wunused-variable]
  unsigned int i, j, ii, jj;
                         ^
../src/main.c:53:21: warning: unused variable 'ii' [-Wunused-variable]
  unsigned int i, j, ii, jj;
                     ^
make: *** [src/main.o] ´íÎó 1
23:57:45 **** Auto Build of configuration Debug for project image_filter ****
make all 
'Building file: ../src/main.c'
'Invoking: MicroBlaze gcc compiler'
mb-gcc -Wall -O0 -g3 -c -fmessage-length=0 -MT"src/main.o" -I../../image_filter_bsp/microblaze_0/include -mlittle-endian -mcpu=v9.6 -mxl-soft-mul -Wl,--no-relax -MMD -MP -MF"src/main.d" -MT"src/main.o" -o "src/main.o" "../src/main.c"
../src/main.c: In function 'main':
../src/main.c:54:31: warning: initialization from incompatible pointer type [-Wincompatible-pointer-types]
  unsigned int (*fb_in)[640] = memptr;
                               ^
../src/main.c:55:32: warning: initialization makes pointer from integer without a cast [-Wint-conversion]
  unsigned int (*fb_out)[640] = 0x81000000;
                                ^
../src/main.c:56:6: warning: variable 'switch_value' set but not used [-Wunused-but-set-variable]
  int switch_value = 0;
      ^
../src/main.c:53:25: warning: unused variable 'jj' [-Wunused-variable]
  unsigned int i, j, ii, jj;
                         ^
../src/main.c:53:21: warning: unused variable 'ii' [-Wunused-variable]
  unsigned int i, j, ii, jj;
                     ^
'Finished building: ../src/main.c'
' '
'Building target: image_filter.elf'
'Invoking: MicroBlaze gcc linker'
mb-gcc -Wl,-T -Wl,../src/lscript.ld -L../../image_filter_bsp/microblaze_0/lib -mlittle-endian -mcpu=v9.6 -mxl-soft-mul -Wl,--no-relax -o "image_filter.elf"  ./src/main.o   -Wl,--start-group,-lxil,-lgcc,-lc,--end-group
'Finished building target: image_filter.elf'
' '
'Invoking: MicroBlaze Print Size'
mb-size image_filter.elf  |tee "image_filter.elf.size"
   text	   data	    bss	    dec	    hex	filename
   2672	    312	   3112	   6096	   17d0	image_filter.elf
'Finished building: image_filter.elf.size'
' '
00:00:28 **** Incremental Build of configuration Debug for project image_filter ****
make all 
make: Nothing to be done for `all'.
00:01:32 **** Incremental Build of configuration Debug for project image_filter ****
make all 
make: Nothing to be done for `all'.
00:04:12 **** Auto Build of configuration Debug for project image_filter ****
make all 
'Building file: ../src/main.c'
'Invoking: MicroBlaze gcc compiler'
mb-gcc -Wall -O0 -g3 -c -fmessage-length=0 -MT"src/main.o" -I../../image_filter_bsp/microblaze_0/include -mlittle-endian -mcpu=v9.6 -mxl-soft-mul -Wl,--no-relax -MMD -MP -MF"src/main.d" -MT"src/main.o" -o "src/main.o" "../src/main.c"
../src/main.c: In function 'main':
../src/main.c:54:31: warning: initialization from incompatible pointer type [-Wincompatible-pointer-types]
  unsigned int (*fb_in)[640] = memptr;
                               ^
../src/main.c:55:32: warning: initialization makes pointer from integer without a cast [-Wint-conversion]
  unsigned int (*fb_out)[640] = 0x81000000;
                                ^
../src/main.c:56:6: warning: variable 'switch_value' set but not used [-Wunused-but-set-variable]
  int switch_value = 0;
      ^
../src/main.c:53:25: warning: unused variable 'jj' [-Wunused-variable]
  unsigned int i, j, ii, jj;
                         ^
../src/main.c:53:21: warning: unused variable 'ii' [-Wunused-variable]
  unsigned int i, j, ii, jj;
                     ^
'Finished building: ../src/main.c'
' '
'Building target: image_filter.elf'
'Invoking: MicroBlaze gcc linker'
mb-gcc -Wl,-T -Wl,../src/lscript.ld -L../../image_filter_bsp/microblaze_0/lib -mlittle-endian -mcpu=v9.6 -mxl-soft-mul -Wl,--no-relax -o "image_filter.elf"  ./src/main.o   -Wl,--start-group,-lxil,-lgcc,-lc,--end-group
'Finished building target: image_filter.elf'
' '
'Invoking: MicroBlaze Print Size'
mb-size image_filter.elf  |tee "image_filter.elf.size"
   text	   data	    bss	    dec	    hex	filename
   2684	    312	   3116	   6112	   17e0	image_filter.elf
'Finished building: image_filter.elf.size'
' '
00:04:23 **** Incremental Build of configuration Debug for project image_filter ****
make all 
make: Nothing to be done for `all'.
01:51:38 **** Clean-only build of project image_filter_bsp ****
make -k clean 
rm -f microblaze_0/lib/libxil.a
01:51:40 **** Clean-only build of configuration Debug for project image_filter ****
make clean 
rm -rf  ./src/main.o  ./src/main.d  image_filter.elf.size  image_filter.elf
' '
01:51:41 **** Build of project image_filter_bsp ****
make -k all 
"Running Make include in microblaze_0/libsrc/axivdma_v6_1/src"
make -C microblaze_0/libsrc/axivdma_v6_1/src -s include  "SHELL=CMD" "COMPILER=mb-gcc" "ARCHIVER=mb-ar" "COMPILER_FLAGS= -O2 -c -mcpu=v9.6 -mlittle-endian -mxl-soft-mul" "EXTRA_COMPILER_FLAGS=-g"
"Running Make include in microblaze_0/libsrc/bram_v4_1/src"
make -C microblaze_0/libsrc/bram_v4_1/src -s include  "SHELL=CMD" "COMPILER=mb-gcc" "ARCHIVER=mb-ar" "COMPILER_FLAGS= -O2 -c -mcpu=v9.6 -mlittle-endian -mxl-soft-mul" "EXTRA_COMPILER_FLAGS=-g"
"Running Make include in microblaze_0/libsrc/cpu_v2_5/src"
make -C microblaze_0/libsrc/cpu_v2_5/src -s include  "SHELL=CMD" "COMPILER=mb-gcc" "ARCHIVER=mb-ar" "COMPILER_FLAGS= -O2 -c -mcpu=v9.6 -mlittle-endian -mxl-soft-mul" "EXTRA_COMPILER_FLAGS=-g"
"Running Make include in microblaze_0/libsrc/gpio_v4_1/src"
make -C microblaze_0/libsrc/gpio_v4_1/src -s include  "SHELL=CMD" "COMPILER=mb-gcc" "ARCHIVER=mb-ar" "COMPILER_FLAGS= -O2 -c -mcpu=v9.6 -mlittle-endian -mxl-soft-mul" "EXTRA_COMPILER_FLAGS=-g"
"Running Make include in microblaze_0/libsrc/standalone_v5_5/src"
make -C microblaze_0/libsrc/standalone_v5_5/src -s include  "SHELL=CMD" "COMPILER=mb-gcc" "ARCHIVER=mb-ar" "COMPILER_FLAGS= -O2 -c -mcpu=v9.6 -mlittle-endian -mxl-soft-mul" "EXTRA_COMPILER_FLAGS=-g"
"Running Make libs in microblaze_0/libsrc/axivdma_v6_1/src"
make -C microblaze_0/libsrc/axivdma_v6_1/src -s libs  "SHELL=CMD" "COMPILER=mb-gcc" "ARCHIVER=mb-ar" "COMPILER_FLAGS= -O2 -c -mcpu=v9.6 -mlittle-endian -mxl-soft-mul" "EXTRA_COMPILER_FLAGS=-g"
"Compiling axivdma"
mb-ar: creating ../../../lib/libxil.a
"Running Make libs in microblaze_0/libsrc/bram_v4_1/src"
make -C microblaze_0/libsrc/bram_v4_1/src -s libs  "SHELL=CMD" "COMPILER=mb-gcc" "ARCHIVER=mb-ar" "COMPILER_FLAGS= -O2 -c -mcpu=v9.6 -mlittle-endian -mxl-soft-mul" "EXTRA_COMPILER_FLAGS=-g"
"Compiling bram"
"Running Make libs in microblaze_0/libsrc/cpu_v2_5/src"
make -C microblaze_0/libsrc/cpu_v2_5/src -s libs  "SHELL=CMD" "COMPILER=mb-gcc" "ARCHIVER=mb-ar" "COMPILER_FLAGS= -O2 -c -mcpu=v9.6 -mlittle-endian -mxl-soft-mul" "EXTRA_COMPILER_FLAGS=-g"
"Compiling cpu"
"Running Make libs in microblaze_0/libsrc/gpio_v4_1/src"
make -C microblaze_0/libsrc/gpio_v4_1/src -s libs  "SHELL=CMD" "COMPILER=mb-gcc" "ARCHIVER=mb-ar" "COMPILER_FLAGS= -O2 -c -mcpu=v9.6 -mlittle-endian -mxl-soft-mul" "EXTRA_COMPILER_FLAGS=-g"
"Compiling gpio"
"Running Make libs in microblaze_0/libsrc/standalone_v5_5/src"
make -C microblaze_0/libsrc/standalone_v5_5/src -s libs  "SHELL=CMD" "COMPILER=mb-gcc" "ARCHIVER=mb-ar" "COMPILER_FLAGS= -O2 -c -mcpu=v9.6 -mlittle-endian -mxl-soft-mul" "EXTRA_COMPILER_FLAGS=-g"
"Compiling standalone";
'Finished building libraries'
01:51:52 **** Build of configuration Debug for project image_filter ****
make all 
'Building file: ../src/main.c'
'Invoking: MicroBlaze gcc compiler'
mb-gcc -Wall -O0 -g3 -c -fmessage-length=0 -MT"src/main.o" -I../../image_filter_bsp/microblaze_0/include -mlittle-endian -mcpu=v9.6 -mxl-soft-mul -Wl,--no-relax -MMD -MP -MF"src/main.d" -MT"src/main.o" -o "src/main.o" "../src/main.c"
../src/main.c: In function 'main':
../src/main.c:54:31: warning: initialization from incompatible pointer type [-Wincompatible-pointer-types]
  unsigned int (*fb_in)[640] = memptr;
                               ^
../src/main.c:55:32: warning: initialization makes pointer from integer without a cast [-Wint-conversion]
  unsigned int (*fb_out)[640] = 0x81000000;
                                ^
../src/main.c:56:6: warning: variable 'switch_value' set but not used [-Wunused-but-set-variable]
  int switch_value = 0;
      ^
../src/main.c:53:25: warning: unused variable 'jj' [-Wunused-variable]
  unsigned int i, j, ii, jj;
                         ^
../src/main.c:53:21: warning: unused variable 'ii' [-Wunused-variable]
  unsigned int i, j, ii, jj;
                     ^
'Finished building: ../src/main.c'
' '
'Building target: image_filter.elf'
'Invoking: MicroBlaze gcc linker'
mb-gcc -Wl,-T -Wl,../src/lscript.ld -L../../image_filter_bsp/microblaze_0/lib -mlittle-endian -mcpu=v9.6 -mxl-soft-mul -Wl,--no-relax -o "image_filter.elf"  ./src/main.o   -Wl,--start-group,-lxil,-lgcc,-lc,--end-group
'Finished building target: image_filter.elf'
' '
'Invoking: MicroBlaze Print Size'
mb-size image_filter.elf  |tee "image_filter.elf.size"
   text	   data	    bss	    dec	    hex	filename
   2912	    320	   3120	   6352	   18d0	image_filter.elf
'Finished building: image_filter.elf.size'
' '
01:52:31 **** Incremental Build of configuration Debug for project image_filter ****
make all 
make: Nothing to be done for `all'.
19:07:22 **** Incremental Build of configuration Debug for project image_filter ****
make all 
'Building file: ../src/main.c'
'Invoking: MicroBlaze gcc compiler'
mb-gcc -Wall -O0 -g3 -c -fmessage-length=0 -MT"src/main.o" -I../../image_filter_bsp/microblaze_0/include -mlittle-endian -mcpu=v9.6 -mxl-soft-mul -Wl,--no-relax -MMD -MP -MF"src/main.d" -MT"src/main.o" -o "src/main.o" "../src/main.c"
../src/main.c: In function 'main':
../src/main.c:54:31: warning: initialization from incompatible pointer type [-Wincompatible-pointer-types]
  unsigned int (*fb_in)[640] = memptr;
                               ^
../src/main.c:55:32: warning: initialization makes pointer from integer without a cast [-Wint-conversion]
  unsigned int (*fb_out)[640] = 0x81000000;
                                ^
../src/main.c:56:6: warning: variable 'switch_value' set but not used [-Wunused-but-set-variable]
  int switch_value = 0;
      ^
../src/main.c:53:25: warning: unused variable 'jj' [-Wunused-variable]
  unsigned int i, j, ii, jj;
                         ^
../src/main.c:53:21: warning: unused variable 'ii' [-Wunused-variable]
  unsigned int i, j, ii, jj;
                     ^
'Finished building: ../src/main.c'
' '
'Building target: image_filter.elf'
'Invoking: MicroBlaze gcc linker'
mb-gcc -Wl,-T -Wl,../src/lscript.ld -L../../image_filter_bsp/microblaze_0/lib -mlittle-endian -mcpu=v9.6 -mxl-soft-mul -Wl,--no-relax -o "image_filter.elf"  ./src/main.o   -Wl,--start-group,-lxil,-lgcc,-lc,--end-group
'Finished building target: image_filter.elf'
' '
'Invoking: MicroBlaze Print Size'
mb-size image_filter.elf  |tee "image_filter.elf.size"
   text	   data	    bss	    dec	    hex	filename
   2684	    312	   3116	   6112	   17e0	image_filter.elf
'Finished building: image_filter.elf.size'
' '
16:18:53 **** Auto Build of project image_filter_bsp ****
make -k all 
"Running Make include in microblaze_0/libsrc/axivdma_v6_1/src"
make -C microblaze_0/libsrc/axivdma_v6_1/src -s include  "SHELL=CMD" "COMPILER=mb-gcc" "ARCHIVER=mb-ar" "COMPILER_FLAGS= -O2 -c -mcpu=v9.6 -mlittle-endian -mxl-soft-mul" "EXTRA_COMPILER_FLAGS=-g"
"Running Make include in microblaze_0/libsrc/bram_v4_1/src"
make -C microblaze_0/libsrc/bram_v4_1/src -s include  "SHELL=CMD" "COMPILER=mb-gcc" "ARCHIVER=mb-ar" "COMPILER_FLAGS= -O2 -c -mcpu=v9.6 -mlittle-endian -mxl-soft-mul" "EXTRA_COMPILER_FLAGS=-g"
"Running Make include in microblaze_0/libsrc/cpu_v2_5/src"
make -C microblaze_0/libsrc/cpu_v2_5/src -s include  "SHELL=CMD" "COMPILER=mb-gcc" "ARCHIVER=mb-ar" "COMPILER_FLAGS= -O2 -c -mcpu=v9.6 -mlittle-endian -mxl-soft-mul" "EXTRA_COMPILER_FLAGS=-g"
"Running Make include in microblaze_0/libsrc/gpio_v4_1/src"
make -C microblaze_0/libsrc/gpio_v4_1/src -s include  "SHELL=CMD" "COMPILER=mb-gcc" "ARCHIVER=mb-ar" "COMPILER_FLAGS= -O2 -c -mcpu=v9.6 -mlittle-endian -mxl-soft-mul" "EXTRA_COMPILER_FLAGS=-g"
"Running Make include in microblaze_0/libsrc/standalone_v5_5/src"
make -C microblaze_0/libsrc/standalone_v5_5/src -s include  "SHELL=CMD" "COMPILER=mb-gcc" "ARCHIVER=mb-ar" "COMPILER_FLAGS= -O2 -c -mcpu=v9.6 -mlittle-endian -mxl-soft-mul" "EXTRA_COMPILER_FLAGS=-g"
"Running Make libs in microblaze_0/libsrc/axivdma_v6_1/src"
make -C microblaze_0/libsrc/axivdma_v6_1/src -s libs  "SHELL=CMD" "COMPILER=mb-gcc" "ARCHIVER=mb-ar" "COMPILER_FLAGS= -O2 -c -mcpu=v9.6 -mlittle-endian -mxl-soft-mul" "EXTRA_COMPILER_FLAGS=-g"
"Compiling axivdma"
mb-ar: creating ../../../lib/libxil.a
"Running Make libs in microblaze_0/libsrc/bram_v4_1/src"
make -C microblaze_0/libsrc/bram_v4_1/src -s libs  "SHELL=CMD" "COMPILER=mb-gcc" "ARCHIVER=mb-ar" "COMPILER_FLAGS= -O2 -c -mcpu=v9.6 -mlittle-endian -mxl-soft-mul" "EXTRA_COMPILER_FLAGS=-g"
"Compiling bram"
"Running Make libs in microblaze_0/libsrc/cpu_v2_5/src"
make -C microblaze_0/libsrc/cpu_v2_5/src -s libs  "SHELL=CMD" "COMPILER=mb-gcc" "ARCHIVER=mb-ar" "COMPILER_FLAGS= -O2 -c -mcpu=v9.6 -mlittle-endian -mxl-soft-mul" "EXTRA_COMPILER_FLAGS=-g"
"Compiling cpu"
"Running Make libs in microblaze_0/libsrc/gpio_v4_1/src"
make -C microblaze_0/libsrc/gpio_v4_1/src -s libs  "SHELL=CMD" "COMPILER=mb-gcc" "ARCHIVER=mb-ar" "COMPILER_FLAGS= -O2 -c -mcpu=v9.6 -mlittle-endian -mxl-soft-mul" "EXTRA_COMPILER_FLAGS=-g"
"Compiling gpio"
"Running Make libs in microblaze_0/libsrc/standalone_v5_5/src"
make -C microblaze_0/libsrc/standalone_v5_5/src -s libs  "SHELL=CMD" "COMPILER=mb-gcc" "ARCHIVER=mb-ar" "COMPILER_FLAGS= -O2 -c -mcpu=v9.6 -mlittle-endian -mxl-soft-mul" "EXTRA_COMPILER_FLAGS=-g"
"Compiling standalone";
'Finished building libraries'
16:19:38 **** Auto Build of configuration Debug for project image_filter ****
make all 
make: Nothing to be done for `all'.
16:21:14 **** Auto Build of configuration Debug for project image_filter ****
make all 
'Building file: ../src/main.c'
'Invoking: MicroBlaze gcc compiler'
mb-gcc -Wall -O0 -g3 -c -fmessage-length=0 -MT"src/main.o" -I../../image_filter_bsp/microblaze_0/include -mlittle-endian -mcpu=v9.6 -mxl-soft-mul -Wl,--no-relax -MMD -MP -MF"src/main.d" -MT"src/main.o" -o "src/main.o" "../src/main.c"
../src/main.c: In function 'main':
../src/main.c:55:31: warning: initialization from incompatible pointer type [-Wincompatible-pointer-types]
  unsigned int (*fb_in)[640] = memptr;
                               ^
../src/main.c:56:32: warning: initialization makes pointer from integer without a cast [-Wint-conversion]
  unsigned int (*fb_out)[640] = 0x81000000;
                                ^
../src/main.c:57:6: warning: variable 'switch_value' set but not used [-Wunused-but-set-variable]
  int switch_value = 0;
      ^
../src/main.c:54:25: warning: unused variable 'jj' [-Wunused-variable]
  unsigned int i, j, ii, jj;
                         ^
../src/main.c:54:21: warning: unused variable 'ii' [-Wunused-variable]
  unsigned int i, j, ii, jj;
                     ^
'Finished building: ../src/main.c'
' '
'Building target: image_filter.elf'
'Invoking: MicroBlaze gcc linker'
mb-gcc -Wl,-T -Wl,../src/lscript.ld -L../../image_filter_bsp/microblaze_0/lib -mlittle-endian -mcpu=v9.6 -mxl-soft-mul -Wl,--no-relax -o "image_filter.elf"  ./src/main.o   -Wl,--start-group,-lxil,-lgcc,-lc,--end-group
'Finished building target: image_filter.elf'
' '
'Invoking: MicroBlaze Print Size'
mb-size image_filter.elf  |tee "image_filter.elf.size"
   text	   data	    bss	    dec	    hex	filename
   2684	    316	   3120	   6120	   17e8	image_filter.elf
'Finished building: image_filter.elf.size'
' '
16:22:01 **** Auto Build of configuration Debug for project image_filter ****
make all 
'Building file: ../src/main.c'
'Invoking: MicroBlaze gcc compiler'
mb-gcc -Wall -O0 -g3 -c -fmessage-length=0 -MT"src/main.o" -I../../image_filter_bsp/microblaze_0/include -mlittle-endian -mcpu=v9.6 -mxl-soft-mul -Wl,--no-relax -MMD -MP -MF"src/main.d" -MT"src/main.o" -o "src/main.o" "../src/main.c"
../src/main.c: In function 'main':
../src/main.c:55:31: warning: initialization from incompatible pointer type [-Wincompatible-pointer-types]
  unsigned int (*fb_in)[640] = memptr;
                               ^
../src/main.c:56:32: warning: initialization makes pointer from integer without a cast [-Wint-conversion]
  unsigned int (*fb_out)[640] = 0x81000000;
                                ^
../src/main.c:57:6: warning: variable 'switch_value' set but not used [-Wunused-but-set-variable]
  int switch_value = 0;
      ^
../src/main.c:54:25: warning: unused variable 'jj' [-Wunused-variable]
  unsigned int i, j, ii, jj;
                         ^
../src/main.c:54:21: warning: unused variable 'ii' [-Wunused-variable]
  unsigned int i, j, ii, jj;
                     ^
'Finished building: ../src/main.c'
' '
'Building target: image_filter.elf'
'Invoking: MicroBlaze gcc linker'
mb-gcc -Wl,-T -Wl,../src/lscript.ld -L../../image_filter_bsp/microblaze_0/lib -mlittle-endian -mcpu=v9.6 -mxl-soft-mul -Wl,--no-relax -o "image_filter.elf"  ./src/main.o   -Wl,--start-group,-lxil,-lgcc,-lc,--end-group
'Finished building target: image_filter.elf'
' '
'Invoking: MicroBlaze Print Size'
mb-size image_filter.elf  |tee "image_filter.elf.size"
   text	   data	    bss	    dec	    hex	filename
   2700	    316	   3120	   6136	   17f8	image_filter.elf
'Finished building: image_filter.elf.size'
' '
16:34:07 **** Incremental Build of configuration Debug for project image_filter ****
make all 
make: Nothing to be done for `all'.
00:04:08 **** Auto Build of project image_filter_bsp ****
make -k all 
"Running Make include in microblaze_0/libsrc/axivdma_v6_1/src"
make -C microblaze_0/libsrc/axivdma_v6_1/src -s include  "SHELL=CMD" "COMPILER=mb-gcc" "ARCHIVER=mb-ar" "COMPILER_FLAGS= -O2 -c -mcpu=v9.6 -mlittle-endian -mxl-soft-mul" "EXTRA_COMPILER_FLAGS=-g"
"Running Make include in microblaze_0/libsrc/bram_v4_1/src"
make -C microblaze_0/libsrc/bram_v4_1/src -s include  "SHELL=CMD" "COMPILER=mb-gcc" "ARCHIVER=mb-ar" "COMPILER_FLAGS= -O2 -c -mcpu=v9.6 -mlittle-endian -mxl-soft-mul" "EXTRA_COMPILER_FLAGS=-g"
"Running Make include in microblaze_0/libsrc/cpu_v2_5/src"
make -C microblaze_0/libsrc/cpu_v2_5/src -s include  "SHELL=CMD" "COMPILER=mb-gcc" "ARCHIVER=mb-ar" "COMPILER_FLAGS= -O2 -c -mcpu=v9.6 -mlittle-endian -mxl-soft-mul" "EXTRA_COMPILER_FLAGS=-g"
"Running Make include in microblaze_0/libsrc/gpio_v4_1/src"
make -C microblaze_0/libsrc/gpio_v4_1/src -s include  "SHELL=CMD" "COMPILER=mb-gcc" "ARCHIVER=mb-ar" "COMPILER_FLAGS= -O2 -c -mcpu=v9.6 -mlittle-endian -mxl-soft-mul" "EXTRA_COMPILER_FLAGS=-g"
"Running Make include in microblaze_0/libsrc/standalone_v5_5/src"
make -C microblaze_0/libsrc/standalone_v5_5/src -s include  "SHELL=CMD" "COMPILER=mb-gcc" "ARCHIVER=mb-ar" "COMPILER_FLAGS= -O2 -c -mcpu=v9.6 -mlittle-endian -mxl-soft-mul" "EXTRA_COMPILER_FLAGS=-g"
"Running Make libs in microblaze_0/libsrc/axivdma_v6_1/src"
make -C microblaze_0/libsrc/axivdma_v6_1/src -s libs  "SHELL=CMD" "COMPILER=mb-gcc" "ARCHIVER=mb-ar" "COMPILER_FLAGS= -O2 -c -mcpu=v9.6 -mlittle-endian -mxl-soft-mul" "EXTRA_COMPILER_FLAGS=-g"
"Compiling axivdma"
mb-ar: creating ../../../lib/libxil.a
"Running Make libs in microblaze_0/libsrc/bram_v4_1/src"
make -C microblaze_0/libsrc/bram_v4_1/src -s libs  "SHELL=CMD" "COMPILER=mb-gcc" "ARCHIVER=mb-ar" "COMPILER_FLAGS= -O2 -c -mcpu=v9.6 -mlittle-endian -mxl-soft-mul" "EXTRA_COMPILER_FLAGS=-g"
"Compiling bram"
"Running Make libs in microblaze_0/libsrc/cpu_v2_5/src"
make -C microblaze_0/libsrc/cpu_v2_5/src -s libs  "SHELL=CMD" "COMPILER=mb-gcc" "ARCHIVER=mb-ar" "COMPILER_FLAGS= -O2 -c -mcpu=v9.6 -mlittle-endian -mxl-soft-mul" "EXTRA_COMPILER_FLAGS=-g"
"Compiling cpu"
"Running Make libs in microblaze_0/libsrc/gpio_v4_1/src"
make -C microblaze_0/libsrc/gpio_v4_1/src -s libs  "SHELL=CMD" "COMPILER=mb-gcc" "ARCHIVER=mb-ar" "COMPILER_FLAGS= -O2 -c -mcpu=v9.6 -mlittle-endian -mxl-soft-mul" "EXTRA_COMPILER_FLAGS=-g"
"Compiling gpio"
"Running Make libs in microblaze_0/libsrc/standalone_v5_5/src"
make -C microblaze_0/libsrc/standalone_v5_5/src -s libs  "SHELL=CMD" "COMPILER=mb-gcc" "ARCHIVER=mb-ar" "COMPILER_FLAGS= -O2 -c -mcpu=v9.6 -mlittle-endian -mxl-soft-mul" "EXTRA_COMPILER_FLAGS=-g"
"Compiling standalone";
'Finished building libraries'
00:04:50 **** Auto Build of configuration Debug for project image_filter ****
make all 
make: Nothing to be done for `all'.
00:07:56 **** Auto Build of configuration Debug for project image_filter ****
make all 
'Building file: ../src/main.c'
'Invoking: MicroBlaze gcc compiler'
mb-gcc -Wall -O0 -g3 -c -fmessage-length=0 -MT"src/main.o" -I../../image_filter_bsp/microblaze_0/include -mlittle-endian -mcpu=v9.6 -mxl-soft-mul -Wl,--no-relax -MMD -MP -MF"src/main.d" -MT"src/main.o" -o "src/main.o" "../src/main.c"
../src/main.c: In function 'main':
../src/main.c:55:31: warning: initialization from incompatible pointer type [-Wincompatible-pointer-types]
  unsigned int (*fb_in)[640] = memptr;
                               ^
../src/main.c:56:32: warning: initialization makes pointer from integer without a cast [-Wint-conversion]
  unsigned int (*fb_out)[640] = 0x81000000;
                                ^
../src/main.c:57:6: warning: variable 'switch_value' set but not used [-Wunused-but-set-variable]
  int switch_value = 0;
      ^
../src/main.c:56:17: warning: unused variable 'fb_out' [-Wunused-variable]
  unsigned int (*fb_out)[640] = 0x81000000;
                 ^
../src/main.c:54:25: warning: unused variable 'jj' [-Wunused-variable]
  unsigned int i, j, ii, jj;
                         ^
../src/main.c:54:21: warning: unused variable 'ii' [-Wunused-variable]
  unsigned int i, j, ii, jj;
                     ^
../src/main.c:54:18: warning: unused variable 'j' [-Wunused-variable]
  unsigned int i, j, ii, jj;
                  ^
'Finished building: ../src/main.c'
' '
'Building target: image_filter.elf'
'Invoking: MicroBlaze gcc linker'
mb-gcc -Wl,-T -Wl,../src/lscript.ld -L../../image_filter_bsp/microblaze_0/lib -mlittle-endian -mcpu=v9.6 -mxl-soft-mul -Wl,--no-relax -o "image_filter.elf"  ./src/main.o   -Wl,--start-group,-lxil,-lgcc,-lc,--end-group
'Finished building target: image_filter.elf'
' '
'Invoking: MicroBlaze Print Size'
mb-size image_filter.elf  |tee "image_filter.elf.size"
   text	   data	    bss	    dec	    hex	filename
   2192	    324	   3124	   5640	   1608	image_filter.elf
'Finished building: image_filter.elf.size'
' '
00:21:31 **** Incremental Build of configuration Debug for project image_filter ****
make all 
make: Nothing to be done for `all'.
14:10:02 **** Build of project image_filter_no_camera_bsp ****
make -k all 
"Running Make include in microblaze_0/libsrc/axivdma_v6_1/src"
make -C microblaze_0/libsrc/axivdma_v6_1/src -s include  "SHELL=CMD" "COMPILER=mb-gcc" "ARCHIVER=mb-ar" "COMPILER_FLAGS= -O2 -c -mcpu=v9.6 -mlittle-endian -mxl-soft-mul" "EXTRA_COMPILER_FLAGS=-g"
"Running Make include in microblaze_0/libsrc/bram_v4_1/src"
make -C microblaze_0/libsrc/bram_v4_1/src -s include  "SHELL=CMD" "COMPILER=mb-gcc" "ARCHIVER=mb-ar" "COMPILER_FLAGS= -O2 -c -mcpu=v9.6 -mlittle-endian -mxl-soft-mul" "EXTRA_COMPILER_FLAGS=-g"
"Running Make include in microblaze_0/libsrc/cpu_v2_5/src"
make -C microblaze_0/libsrc/cpu_v2_5/src -s include  "SHELL=CMD" "COMPILER=mb-gcc" "ARCHIVER=mb-ar" "COMPILER_FLAGS= -O2 -c -mcpu=v9.6 -mlittle-endian -mxl-soft-mul" "EXTRA_COMPILER_FLAGS=-g"
"Running Make include in microblaze_0/libsrc/gpio_v4_1/src"
make -C microblaze_0/libsrc/gpio_v4_1/src -s include  "SHELL=CMD" "COMPILER=mb-gcc" "ARCHIVER=mb-ar" "COMPILER_FLAGS= -O2 -c -mcpu=v9.6 -mlittle-endian -mxl-soft-mul" "EXTRA_COMPILER_FLAGS=-g"
"Running Make include in microblaze_0/libsrc/image_filter_v1_0/src"
make -C microblaze_0/libsrc/image_filter_v1_0/src -s include  "SHELL=CMD" "COMPILER=mb-gcc" "ARCHIVER=mb-ar" "COMPILER_FLAGS= -O2 -c -mcpu=v9.6 -mlittle-endian -mxl-soft-mul" "EXTRA_COMPILER_FLAGS=-g"
"Running Make include in microblaze_0/libsrc/standalone_v5_5/src"
make -C microblaze_0/libsrc/standalone_v5_5/src -s include  "SHELL=CMD" "COMPILER=mb-gcc" "ARCHIVER=mb-ar" "COMPILER_FLAGS= -O2 -c -mcpu=v9.6 -mlittle-endian -mxl-soft-mul" "EXTRA_COMPILER_FLAGS=-g"
"Running Make libs in microblaze_0/libsrc/axivdma_v6_1/src"
make -C microblaze_0/libsrc/axivdma_v6_1/src -s libs  "SHELL=CMD" "COMPILER=mb-gcc" "ARCHIVER=mb-ar" "COMPILER_FLAGS= -O2 -c -mcpu=v9.6 -mlittle-endian -mxl-soft-mul" "EXTRA_COMPILER_FLAGS=-g"
"Compiling axivdma"
mb-ar: creating ../../../lib/libxil.a
"Running Make libs in microblaze_0/libsrc/bram_v4_1/src"
make -C microblaze_0/libsrc/bram_v4_1/src -s libs  "SHELL=CMD" "COMPILER=mb-gcc" "ARCHIVER=mb-ar" "COMPILER_FLAGS= -O2 -c -mcpu=v9.6 -mlittle-endian -mxl-soft-mul" "EXTRA_COMPILER_FLAGS=-g"
"Compiling bram"
"Running Make libs in microblaze_0/libsrc/cpu_v2_5/src"
make -C microblaze_0/libsrc/cpu_v2_5/src -s libs  "SHELL=CMD" "COMPILER=mb-gcc" "ARCHIVER=mb-ar" "COMPILER_FLAGS= -O2 -c -mcpu=v9.6 -mlittle-endian -mxl-soft-mul" "EXTRA_COMPILER_FLAGS=-g"
"Compiling cpu"
"Running Make libs in microblaze_0/libsrc/gpio_v4_1/src"
make -C microblaze_0/libsrc/gpio_v4_1/src -s libs  "SHELL=CMD" "COMPILER=mb-gcc" "ARCHIVER=mb-ar" "COMPILER_FLAGS= -O2 -c -mcpu=v9.6 -mlittle-endian -mxl-soft-mul" "EXTRA_COMPILER_FLAGS=-g"
"Compiling gpio"
"Running Make libs in microblaze_0/libsrc/image_filter_v1_0/src"
make -C microblaze_0/libsrc/image_filter_v1_0/src -s libs  "SHELL=CMD" "COMPILER=mb-gcc" "ARCHIVER=mb-ar" "COMPILER_FLAGS= -O2 -c -mcpu=v9.6 -mlittle-endian -mxl-soft-mul" "EXTRA_COMPILER_FLAGS=-g"
"Compiling image_filter..."
"Running Make libs in microblaze_0/libsrc/standalone_v5_5/src"
make -C microblaze_0/libsrc/standalone_v5_5/src -s libs  "SHELL=CMD" "COMPILER=mb-gcc" "ARCHIVER=mb-ar" "COMPILER_FLAGS= -O2 -c -mcpu=v9.6 -mlittle-endian -mxl-soft-mul" "EXTRA_COMPILER_FLAGS=-g"
"Compiling standalone";
'Finished building libraries'

**** Build of configuration Debug for project image_filter_no_camera ****

Nothing to build for project image_filter_no_camera
14:12:21 **** Auto Build of configuration Debug for project image_filter_no_camera ****
make all 
'Building file: ../src/main.c'
'Invoking: MicroBlaze gcc compiler'
mb-gcc -Wall -O0 -g3 -c -fmessage-length=0 -MT"src/main.o" -I../../image_filter_no_camera_bsp/microblaze_0/include -mlittle-endian -mcpu=v9.6 -mxl-soft-mul -Wl,--no-relax -MMD -MP -MF"src/main.d" -MT"src/main.o" -o "src/main.o" "../src/main.c"
'Finished building: ../src/main.c'
' '
'Building target: image_filter_no_camera.elf'
'Invoking: MicroBlaze gcc linker'
mb-gcc -Wl,-T -Wl,../src/lscript.ld -L../../image_filter_no_camera_bsp/microblaze_0/lib -mlittle-endian -mcpu=v9.6 -mxl-soft-mul -Wl,--no-relax -o "image_filter_no_camera.elf"  ./src/main.o   -Wl,--start-group,-lxil,-lgcc,-lc,--end-group
f:/ece532/sdk/2016.2/gnu/microblaze/nt/bin/../lib/gcc/microblaze-xilinx-elf/5.2.0/../../../../microblaze-xilinx-elf/lib/le/crtinit.o: In function `_crtinit':
(.text+0x78): undefined reference to `main'
collect2.exe: error: ld returned 1 exit status
make: *** [image_filter_no_camera.elf] ´íÎó 1
14:12:28 **** Auto Build of configuration Debug for project image_filter_no_camera ****
make all 
'Building file: ../src/main.c'
'Invoking: MicroBlaze gcc compiler'
mb-gcc -Wall -O0 -g3 -c -fmessage-length=0 -MT"src/main.o" -I../../image_filter_no_camera_bsp/microblaze_0/include -mlittle-endian -mcpu=v9.6 -mxl-soft-mul -Wl,--no-relax -MMD -MP -MF"src/main.d" -MT"src/main.o" -o "src/main.o" "../src/main.c"
../src/main.c: In function 'main':
../src/main.c:55:31: warning: initialization from incompatible pointer type [-Wincompatible-pointer-types]
  unsigned int (*fb_in)[640] = memptr;
                               ^
../src/main.c:56:32: warning: initialization makes pointer from integer without a cast [-Wint-conversion]
  unsigned int (*fb_out)[640] = 0x81000000;
                                ^
../src/main.c:57:6: warning: variable 'switch_value' set but not used [-Wunused-but-set-variable]
  int switch_value = 0;
      ^
../src/main.c:56:17: warning: unused variable 'fb_out' [-Wunused-variable]
  unsigned int (*fb_out)[640] = 0x81000000;
                 ^
../src/main.c:54:25: warning: unused variable 'jj' [-Wunused-variable]
  unsigned int i, j, ii, jj;
                         ^
../src/main.c:54:21: warning: unused variable 'ii' [-Wunused-variable]
  unsigned int i, j, ii, jj;
                     ^
../src/main.c:54:18: warning: unused variable 'j' [-Wunused-variable]
  unsigned int i, j, ii, jj;
                  ^
'Finished building: ../src/main.c'
' '
'Building target: image_filter_no_camera.elf'
'Invoking: MicroBlaze gcc linker'
mb-gcc -Wl,-T -Wl,../src/lscript.ld -L../../image_filter_no_camera_bsp/microblaze_0/lib -mlittle-endian -mcpu=v9.6 -mxl-soft-mul -Wl,--no-relax -o "image_filter_no_camera.elf"  ./src/main.o   -Wl,--start-group,-lxil,-lgcc,-lc,--end-group
'Finished building target: image_filter_no_camera.elf'
' '
'Invoking: MicroBlaze Print Size'
mb-size image_filter_no_camera.elf  |tee "image_filter_no_camera.elf.size"
   text	   data	    bss	    dec	    hex	filename
   2192	    324	   3124	   5640	   1608	image_filter_no_camera.elf
'Finished building: image_filter_no_camera.elf.size'
' '
14:17:21 **** Auto Build of configuration Debug for project image_filter_no_camera ****
make all 
'Building target: image_filter_no_camera.elf'
'Invoking: MicroBlaze gcc linker'
mb-gcc -Wl,-T -Wl,../src/lscript.ld -L../../image_filter_no_camera_bsp/microblaze_0/lib -mlittle-endian -mcpu=v9.6 -mxl-soft-mul -Wl,--no-relax -o "image_filter_no_camera.elf"  ./src/main.o   -Wl,--start-group,-lxil,-lgcc,-lc,--end-group
'Finished building target: image_filter_no_camera.elf'
' '
'Invoking: MicroBlaze Print Size'
mb-size image_filter_no_camera.elf  |tee "image_filter_no_camera.elf.size"
   text	   data	    bss	    dec	    hex	filename
   2192	    324	   3124	   5640	   1608	image_filter_no_camera.elf
'Finished building: image_filter_no_camera.elf.size'
' '
14:22:47 **** Incremental Build of configuration Debug for project image_filter_no_camera ****
make all 
make: Nothing to be done for `all'.
[...]
'Finished building target: capstone.elf'
' '
'Invoking: MicroBlaze Print Size'
mb-size capstone.elf  |tee "capstone.elf.size"
   text	   data	    bss	    dec	    hex	filename
  26944	    412	   2100	  29456	   7310	capstone.elf
'Finished building: capstone.elf.size'
' '
17:31:05 **** Auto Build of configuration Debug for project capstone ****
make all 
'Building target: capstone.elf'
'Invoking: MicroBlaze gcc linker'
mb-gcc -Wl,-T -Wl,../src/lscript.ld -L../../capstone_bsp/microblaze_0/lib -mlittle-endian -mcpu=v9.6 -mxl-soft-mul -Wl,--no-relax -o "capstone.elf"  ./src/main.o   -Wl,--start-group,-lxil,-lgcc,-lc,--end-group
'Finished building target: capstone.elf'
' '
'Invoking: MicroBlaze Print Size'
mb-size capstone.elf  |tee "capstone.elf.size"
   text	   data	    bss	    dec	    hex	filename
  26944	    412	   2108	  29464	   7318	capstone.elf
'Finished building: capstone.elf.size'
' '
17:31:43 **** Auto Build of configuration Debug for project capstone ****
make all 
'Building target: capstone.elf'
'Invoking: MicroBlaze gcc linker'
mb-gcc -Wl,-T -Wl,../src/lscript.ld -L../../capstone_bsp/microblaze_0/lib -mlittle-endian -mcpu=v9.6 -mxl-soft-mul -Wl,--no-relax -o "capstone.elf"  ./src/main.o   -Wl,--start-group,-lxil,-lgcc,-lc,--end-group
'Finished building target: capstone.elf'
' '
'Invoking: MicroBlaze Print Size'
mb-size capstone.elf  |tee "capstone.elf.size"
   text	   data	    bss	    dec	    hex	filename
  26944	    412	   2100	  29456	   7310	capstone.elf
'Finished building: capstone.elf.size'
' '
17:32:07 **** Clean-only build of project capstone_bsp ****
make -k clean 
rm -f microblaze_0/lib/libxil.a
17:32:07 **** Clean-only build of configuration Debug for project capstone ****
make clean 
rm -rf  ./src/main.o  ./src/main.d  capstone.elf.size  capstone.elf
' '
17:32:08 **** Build of project capstone_bsp ****
make -k all 
"Running Make include in microblaze_0/libsrc/axivdma_v6_1/src"
make -C microblaze_0/libsrc/axivdma_v6_1/src -s include  "SHELL=CMD" "COMPILER=mb-gcc" "ARCHIVER=mb-ar" "COMPILER_FLAGS= -O2 -c -mcpu=v9.6 -mlittle-endian -mxl-soft-mul" "EXTRA_COMPILER_FLAGS=-g"
"Running Make include in microblaze_0/libsrc/bram_v4_1/src"
make -C microblaze_0/libsrc/bram_v4_1/src -s include  "SHELL=CMD" "COMPILER=mb-gcc" "ARCHIVER=mb-ar" "COMPILER_FLAGS= -O2 -c -mcpu=v9.6 -mlittle-endian -mxl-soft-mul" "EXTRA_COMPILER_FLAGS=-g"
"Running Make include in microblaze_0/libsrc/cpu_v2_5/src"
make -C microblaze_0/libsrc/cpu_v2_5/src -s include  "SHELL=CMD" "COMPILER=mb-gcc" "ARCHIVER=mb-ar" "COMPILER_FLAGS= -O2 -c -mcpu=v9.6 -mlittle-endian -mxl-soft-mul" "EXTRA_COMPILER_FLAGS=-g"
"Running Make include in microblaze_0/libsrc/gpio_v4_1/src"
make -C microblaze_0/libsrc/gpio_v4_1/src -s include  "SHELL=CMD" "COMPILER=mb-gcc" "ARCHIVER=mb-ar" "COMPILER_FLAGS= -O2 -c -mcpu=v9.6 -mlittle-endian -mxl-soft-mul" "EXTRA_COMPILER_FLAGS=-g"
"Running Make include in microblaze_0/libsrc/rc_ctl_v1_0/src"
make -C microblaze_0/libsrc/rc_ctl_v1_0/src -s include  "SHELL=CMD" "COMPILER=mb-gcc" "ARCHIVER=mb-ar" "COMPILER_FLAGS= -O2 -c -mcpu=v9.6 -mlittle-endian -mxl-soft-mul" "EXTRA_COMPILER_FLAGS=-g"
"Running Make include in microblaze_0/libsrc/standalone_v5_5/src"
make -C microblaze_0/libsrc/standalone_v5_5/src -s include  "SHELL=CMD" "COMPILER=mb-gcc" "ARCHIVER=mb-ar" "COMPILER_FLAGS= -O2 -c -mcpu=v9.6 -mlittle-endian -mxl-soft-mul" "EXTRA_COMPILER_FLAGS=-g"
"Running Make libs in microblaze_0/libsrc/axivdma_v6_1/src"
make -C microblaze_0/libsrc/axivdma_v6_1/src -s libs  "SHELL=CMD" "COMPILER=mb-gcc" "ARCHIVER=mb-ar" "COMPILER_FLAGS= -O2 -c -mcpu=v9.6 -mlittle-endian -mxl-soft-mul" "EXTRA_COMPILER_FLAGS=-g"
"Compiling axivdma"
mb-ar: creating ../../../lib/libxil.a
"Running Make libs in microblaze_0/libsrc/bram_v4_1/src"
make -C microblaze_0/libsrc/bram_v4_1/src -s libs  "SHELL=CMD" "COMPILER=mb-gcc" "ARCHIVER=mb-ar" "COMPILER_FLAGS= -O2 -c -mcpu=v9.6 -mlittle-endian -mxl-soft-mul" "EXTRA_COMPILER_FLAGS=-g"
"Compiling bram"
"Running Make libs in microblaze_0/libsrc/cpu_v2_5/src"
make -C microblaze_0/libsrc/cpu_v2_5/src -s libs  "SHELL=CMD" "COMPILER=mb-gcc" "ARCHIVER=mb-ar" "COMPILER_FLAGS= -O2 -c -mcpu=v9.6 -mlittle-endian -mxl-soft-mul" "EXTRA_COMPILER_FLAGS=-g"
"Compiling cpu"
"Running Make libs in microblaze_0/libsrc/gpio_v4_1/src"
make -C microblaze_0/libsrc/gpio_v4_1/src -s libs  "SHELL=CMD" "COMPILER=mb-gcc" "ARCHIVER=mb-ar" "COMPILER_FLAGS= -O2 -c -mcpu=v9.6 -mlittle-endian -mxl-soft-mul" "EXTRA_COMPILER_FLAGS=-g"
"Compiling gpio"
"Running Make libs in microblaze_0/libsrc/rc_ctl_v1_0/src"
make -C microblaze_0/libsrc/rc_ctl_v1_0/src -s libs  "SHELL=CMD" "COMPILER=mb-gcc" "ARCHIVER=mb-ar" "COMPILER_FLAGS= -O2 -c -mcpu=v9.6 -mlittle-endian -mxl-soft-mul" "EXTRA_COMPILER_FLAGS=-g"
"Compiling rc_ctl..."
"Running Make libs in microblaze_0/libsrc/standalone_v5_5/src"
make -C microblaze_0/libsrc/standalone_v5_5/src -s libs  "SHELL=CMD" "COMPILER=mb-gcc" "ARCHIVER=mb-ar" "COMPILER_FLAGS= -O2 -c -mcpu=v9.6 -mlittle-endian -mxl-soft-mul" "EXTRA_COMPILER_FLAGS=-g"
"Compiling standalone";
'Finished building libraries'
17:32:11 **** Build of configuration Debug for project capstone ****
make all 
'Building file: ../src/main.c'
'Invoking: MicroBlaze gcc compiler'
mb-gcc -Wall -Os -g3 -c -fmessage-length=0 -MT"src/main.o" -I../../capstone_bsp/microblaze_0/include -mlittle-endian -mcpu=v9.6 -mxl-soft-mul -Wl,--no-relax -MMD -MP -MF"src/main.d" -MT"src/main.o" -o "src/main.o" "../src/main.c"
In file included from ../src/main.c:9:0:
../../capstone_bsp/microblaze_0/include/xparameters.h:902:40: warning: initialization makes pointer from integer without a cast [-Wint-conversion]
 #define XPAR_RC_CTL_0_S00_AXI_BASEADDR 0x44A50000
                                        ^
../src/main.c:46:33: note: in expansion of macro 'XPAR_RC_CTL_0_S00_AXI_BASEADDR'
 volatile unsigned int *rc_ctl = XPAR_RC_CTL_0_S00_AXI_BASEADDR;
                                 ^
../src/main.c:47:34: warning: initialization makes pointer from integer without a cast [-Wint-conversion]
 volatile unsigned int *gpio_sw = 0x40000000;
                                  ^
../src/main.c:48:34: warning: initialization makes pointer from integer without a cast [-Wint-conversion]
 volatile unsigned int *gpio_rc = 0x44a40000;
                                  ^
In file included from ../src/main.c:9:0:
../../capstone_bsp/microblaze_0/include/xparameters.h:902:40: warning: initialization makes pointer from integer without a cast [-Wint-conversion]
 #define XPAR_RC_CTL_0_S00_AXI_BASEADDR 0x44A50000
                                        ^
../src/main.c:49:36: note: in expansion of macro 'XPAR_RC_CTL_0_S00_AXI_BASEADDR'
 volatile unsigned int *state_reg = XPAR_RC_CTL_0_S00_AXI_BASEADDR + 16;
                                    ^
../src/main.c: In function 'getAction':
../src/main.c:102:17: warning: implicit declaration of function 'sqrt' [-Wimplicit-function-declaration]
  float len_gt = sqrt(vector_gt_x * vector_gt_x + vector_gt_y * vector_gt_y);
                 ^
../src/main.c:102:17: warning: incompatible implicit declaration of built-in function 'sqrt'
../src/main.c:102:17: note: include '<math.h>' or provide a declaration of 'sqrt'
../src/main.c:105:20: warning: implicit declaration of function 'acos' [-Wimplicit-function-declaration]
  float angle_rad = acos(cos);
                    ^
../src/main.c:105:20: warning: incompatible implicit declaration of built-in function 'acos'
../src/main.c:105:20: note: include '<math.h>' or provide a declaration of 'acos'
../src/main.c: In function 'main':
../src/main.c:144:31: warning: initialization from incompatible pointer type [-Wincompatible-pointer-types]
  unsigned int (*fb_in)[640] = memptr;
                               ^
../src/main.c:154:32: warning: initialization makes pointer from integer without a cast [-Wint-conversion]
  unsigned int (*fb_out)[640] = 0x81000000;
                                ^
../src/main.c:161:20: warning: unused variable 'coords' [-Wunused-variable]
  struct coordinate coords = {0};
                    ^
../src/main.c:160:6: warning: unused variable 'marker_size' [-Wunused-variable]
  int marker_size = 0;
      ^
../src/main.c:159:10: warning: unused variable 'b' [-Wunused-variable]
  int r,g,b;
          ^
../src/main.c:159:8: warning: unused variable 'g' [-Wunused-variable]
  int r,g,b;
        ^
../src/main.c:159:6: warning: unused variable 'r' [-Wunused-variable]
  int r,g,b;
      ^
../src/main.c:152:6: warning: unused variable 'state' [-Wunused-variable]
  int state;
      ^
../src/main.c:151:17: warning: unused variable 'action' [-Wunused-variable]
  struct Actions action;
                 ^
../src/main.c:150:6: warning: unused variable 'y_t' [-Wunused-variable]
  int y_t = 24;
      ^
../src/main.c:149:6: warning: unused variable 'x_t' [-Wunused-variable]
  int x_t = 32;
      ^
../src/main.c:148:6: warning: unused variable 'y_h' [-Wunused-variable]
  int y_h = 48;
      ^
../src/main.c:147:6: warning: unused variable 'x_h' [-Wunused-variable]
  int x_h = 64;
      ^
../src/main.c:146:6: warning: unused variable 'y_g' [-Wunused-variable]
  int y_g = 0;
      ^
../src/main.c:145:6: warning: unused variable 'x_g' [-Wunused-variable]
  int x_g = 32;
      ^
../src/main.c:143:25: warning: unused variable 'jj' [-Wunused-variable]
  unsigned int i, j, ii, jj;
                         ^
../src/main.c:143:21: warning: unused variable 'ii' [-Wunused-variable]
  unsigned int i, j, ii, jj;
                     ^
'Finished building: ../src/main.c'
' '
'Building target: capstone.elf'
'Invoking: MicroBlaze gcc linker'
mb-gcc -Wl,-T -Wl,../src/lscript.ld -L../../capstone_bsp/microblaze_0/lib -mlittle-endian -mcpu=v9.6 -mxl-soft-mul -Wl,--no-relax -o "capstone.elf"  ./src/main.o   -Wl,--start-group,-lxil,-lgcc,-lc,--end-group
'Finished building target: capstone.elf'
' '
'Invoking: MicroBlaze Print Size'
mb-size capstone.elf  |tee "capstone.elf.size"
   text	   data	    bss	    dec	    hex	filename
  26944	    412	   2100	  29456	   7310	capstone.elf
'Finished building: capstone.elf.size'
' '
17:33:11 **** Incremental Build of configuration Debug for project capstone ****
make all 
make: Nothing to be done for `all'.
17:34:28 **** Incremental Build of configuration Debug for project capstone ****
make all 
make: Nothing to be done for `all'.
17:35:33 **** Auto Build of configuration Debug for project capstone ****
make all 
'Building file: ../src/main.c'
'Invoking: MicroBlaze gcc compiler'
mb-gcc -Wall -Os -g3 -c -fmessage-length=0 -MT"src/main.o" -I../../capstone_bsp/microblaze_0/include -mlittle-endian -mcpu=v9.6 -mxl-soft-mul -Wl,--no-relax -MMD -MP -MF"src/main.d" -MT"src/main.o" -o "src/main.o" "../src/main.c"
In file included from ../src/main.c:9:0:
../../capstone_bsp/microblaze_0/include/xparameters.h:902:40: warning: initialization makes pointer from integer without a cast [-Wint-conversion]
 #define XPAR_RC_CTL_0_S00_AXI_BASEADDR 0x44A50000
                                        ^
../src/main.c:46:33: note: in expansion of macro 'XPAR_RC_CTL_0_S00_AXI_BASEADDR'
 volatile unsigned int *rc_ctl = XPAR_RC_CTL_0_S00_AXI_BASEADDR;
                                 ^
../src/main.c:47:34: warning: initialization makes pointer from integer without a cast [-Wint-conversion]
 volatile unsigned int *gpio_sw = 0x40000000;
                                  ^
../src/main.c:48:34: warning: initialization makes pointer from integer without a cast [-Wint-conversion]
 volatile unsigned int *gpio_rc = 0x44a40000;
                                  ^
In file included from ../src/main.c:9:0:
../../capstone_bsp/microblaze_0/include/xparameters.h:902:40: warning: initialization makes pointer from integer without a cast [-Wint-conversion]
 #define XPAR_RC_CTL_0_S00_AXI_BASEADDR 0x44A50000
                                        ^
../src/main.c:49:36: note: in expansion of macro 'XPAR_RC_CTL_0_S00_AXI_BASEADDR'
 volatile unsigned int *state_reg = XPAR_RC_CTL_0_S00_AXI_BASEADDR + 16;
                                    ^
../src/main.c: In function 'getAction':
../src/main.c:102:17: warning: implicit declaration of function 'sqrt' [-Wimplicit-function-declaration]
  float len_gt = sqrt(vector_gt_x * vector_gt_x + vector_gt_y * vector_gt_y);
                 ^
../src/main.c:102:17: warning: incompatible implicit declaration of built-in function 'sqrt'
../src/main.c:102:17: note: include '<math.h>' or provide a declaration of 'sqrt'
../src/main.c:105:20: warning: implicit declaration of function 'acos' [-Wimplicit-function-declaration]
  float angle_rad = acos(cos);
                    ^
../src/main.c:105:20: warning: incompatible implicit declaration of built-in function 'acos'
../src/main.c:105:20: note: include '<math.h>' or provide a declaration of 'acos'
../src/main.c: In function 'main':
../src/main.c:144:31: warning: initialization from incompatible pointer type [-Wincompatible-pointer-types]
  unsigned int (*fb_in)[640] = memptr;
                               ^
../src/main.c:154:32: warning: initialization makes pointer from integer without a cast [-Wint-conversion]
  unsigned int (*fb_out)[640] = 0x81000000;
                                ^
../src/main.c:161:20: warning: unused variable 'coords' [-Wunused-variable]
  struct coordinate coords = {0};
                    ^
../src/main.c:160:6: warning: unused variable 'marker_size' [-Wunused-variable]
  int marker_size = 0;
      ^
../src/main.c:159:10: warning: unused variable 'b' [-Wunused-variable]
  int r,g,b;
          ^
../src/main.c:159:8: warning: unused variable 'g' [-Wunused-variable]
  int r,g,b;
        ^
../src/main.c:159:6: warning: unused variable 'r' [-Wunused-variable]
  int r,g,b;
      ^
../src/main.c:152:6: warning: unused variable 'state' [-Wunused-variable]
  int state;
      ^
../src/main.c:151:17: warning: unused variable 'action' [-Wunused-variable]
  struct Actions action;
                 ^
../src/main.c:150:6: warning: unused variable 'y_t' [-Wunused-variable]
  int y_t = 24;
      ^
../src/main.c:149:6: warning: unused variable 'x_t' [-Wunused-variable]
  int x_t = 32;
      ^
../src/main.c:148:6: warning: unused variable 'y_h' [-Wunused-variable]
  int y_h = 48;
      ^
../src/main.c:147:6: warning: unused variable 'x_h' [-Wunused-variable]
  int x_h = 64;
      ^
../src/main.c:146:6: warning: unused variable 'y_g' [-Wunused-variable]
  int y_g = 0;
      ^
../src/main.c:145:6: warning: unused variable 'x_g' [-Wunused-variable]
  int x_g = 32;
      ^
../src/main.c:143:25: warning: unused variable 'jj' [-Wunused-variable]
  unsigned int i, j, ii, jj;
                         ^
../src/main.c:143:21: warning: unused variable 'ii' [-Wunused-variable]
  unsigned int i, j, ii, jj;
                     ^
'Finished building: ../src/main.c'
' '
'Building target: capstone.elf'
'Invoking: MicroBlaze gcc linker'
mb-gcc -Wl,-T -Wl,../src/lscript.ld -L../../capstone_bsp/microblaze_0/lib -mlittle-endian -mcpu=v9.6 -mxl-soft-mul -Wl,--no-relax -o "capstone.elf"  ./src/main.o   -Wl,--start-group,-lxil,-lgcc,-lc,--end-group
'Finished building target: capstone.elf'
' '
'Invoking: MicroBlaze Print Size'
mb-size capstone.elf  |tee "capstone.elf.size"
   text	   data	    bss	    dec	    hex	filename
  26952	    412	   2100	  29464	   7318	capstone.elf
'Finished building: capstone.elf.size'
' '
17:36:02 **** Incremental Build of configuration Debug for project capstone ****
make all 
make: Nothing to be done for `all'.
17:37:21 **** Auto Build of configuration Debug for project capstone ****
make all 
'Building file: ../src/main.c'
'Invoking: MicroBlaze gcc compiler'
mb-gcc -Wall -Os -g3 -c -fmessage-length=0 -MT"src/main.o" -I../../capstone_bsp/microblaze_0/include -mlittle-endian -mcpu=v9.6 -mxl-soft-mul -Wl,--no-relax -MMD -MP -MF"src/main.d" -MT"src/main.o" -o "src/main.o" "../src/main.c"
In file included from ../src/main.c:9:0:
../../capstone_bsp/microblaze_0/include/xparameters.h:902:40: warning: initialization makes pointer from integer without a cast [-Wint-conversion]
 #define XPAR_RC_CTL_0_S00_AXI_BASEADDR 0x44A50000
                                        ^
../src/main.c:46:33: note: in expansion of macro 'XPAR_RC_CTL_0_S00_AXI_BASEADDR'
 volatile unsigned int *rc_ctl = XPAR_RC_CTL_0_S00_AXI_BASEADDR;
                                 ^
../src/main.c:47:34: warning: initialization makes pointer from integer without a cast [-Wint-conversion]
 volatile unsigned int *gpio_sw = 0x40000000;
                                  ^
../src/main.c:48:34: warning: initialization makes pointer from integer without a cast [-Wint-conversion]
 volatile unsigned int *gpio_rc = 0x44a40000;
                                  ^
In file included from ../src/main.c:9:0:
../../capstone_bsp/microblaze_0/include/xparameters.h:902:40: warning: initialization makes pointer from integer without a cast [-Wint-conversion]
 #define XPAR_RC_CTL_0_S00_AXI_BASEADDR 0x44A50000
                                        ^
../src/main.c:49:36: note: in expansion of macro 'XPAR_RC_CTL_0_S00_AXI_BASEADDR'
 volatile unsigned int *state_reg = XPAR_RC_CTL_0_S00_AXI_BASEADDR + 16;
                                    ^
../src/main.c: In function 'getAction':
../src/main.c:102:17: warning: implicit declaration of function 'sqrt' [-Wimplicit-function-declaration]
  float len_gt = sqrt(vector_gt_x * vector_gt_x + vector_gt_y * vector_gt_y);
                 ^
../src/main.c:102:17: warning: incompatible implicit declaration of built-in function 'sqrt'
../src/main.c:102:17: note: include '<math.h>' or provide a declaration of 'sqrt'
../src/main.c:105:20: warning: implicit declaration of function 'acos' [-Wimplicit-function-declaration]
  float angle_rad = acos(cos);
                    ^
../src/main.c:105:20: warning: incompatible implicit declaration of built-in function 'acos'
../src/main.c:105:20: note: include '<math.h>' or provide a declaration of 'acos'
../src/main.c: In function 'main':
../src/main.c:144:31: warning: initialization from incompatible pointer type [-Wincompatible-pointer-types]
  unsigned int (*fb_in)[640] = memptr;
                               ^
../src/main.c:156:31: warning: initialization makes pointer from integer without a cast [-Wint-conversion]
  unsigned int (*fb_out)[64] = 0x81000000;
                               ^
../src/main.c:206:26: warning: unused variable 'pixel' [-Wunused-variable]
    volatile unsigned int pixel = fb_out[i][j];
                          ^
../src/main.c:161:20: warning: variable 'coords' set but not used [-Wunused-but-set-variable]
  struct coordinate coords = {0};
                    ^
../src/main.c:158:6: warning: unused variable 'switch_value' [-Wunused-variable]
  int switch_value = 0;
      ^
../src/main.c:143:25: warning: unused variable 'jj' [-Wunused-variable]
  unsigned int i, j, ii, jj;
                         ^
../src/main.c:143:21: warning: unused variable 'ii' [-Wunused-variable]
  unsigned int i, j, ii, jj;
                     ^
'Finished building: ../src/main.c'
' '
'Building target: capstone.elf'
'Invoking: MicroBlaze gcc linker'
mb-gcc -Wl,-T -Wl,../src/lscript.ld -L../../capstone_bsp/microblaze_0/lib -mlittle-endian -mcpu=v9.6 -mxl-soft-mul -Wl,--no-relax -o "capstone.elf"  ./src/main.o   -Wl,--start-group,-lxil,-lgcc,-lc,--end-group
'Finished building target: capstone.elf'
' '
'Invoking: MicroBlaze Print Size'
mb-size capstone.elf  |tee "capstone.elf.size"
   text	   data	    bss	    dec	    hex	filename
  27216	    412	   2100	  29728	   7420	capstone.elf
'Finished building: capstone.elf.size'
' '
17:38:54 **** Incremental Build of configuration Debug for project capstone ****
make all 
make: Nothing to be done for `all'.
17:39:25 **** Incremental Build of configuration Debug for project capstone ****
make all 
make: Nothing to be done for `all'.
